2026-09-22 09:51:48 [INFO ] b.com.vagas.scheduler.AgendadorBusca - Execução manual iniciada pelo usuário
2026-09-22 09:51:48 [INFO ] b.com.vagas.scheduler.AgendadorBusca - ========================================
2026-09-22 09:51:48 [INFO ] b.com.vagas.scheduler.AgendadorBusca - Iniciando busca de vagas - 22/09/2026 09:51:48
2026-09-22 09:51:48 [INFO ] b.com.vagas.scheduler.AgendadorBusca - ========================================
2026-09-22 09:51:48 [INFO ] b.com.vagas.scheduler.AgendadorBusca - Executando scraper: LinkedIn
2026-09-22 09:51:48 [INFO ] b.com.vagas.scraper.LinkedInScraper - Iniciando busca no LinkedIn...
2026-09-22 09:51:48 [INFO ] b.com.vagas.scraper.LinkedInScraper - LinkedIn - Buscando remotas no Brasil: 'Java developer senior'
2026-09-22 09:51:56 [INFO ] b.com.vagas.scraper.LinkedInScraper - LinkedIn - Encontradas 16 vagas remotas para 'Java developer senior'
2026-09-22 09:51:56 [INFO ] b.com.vagas.scraper.LinkedInScraper - LinkedIn - Buscando remotas no Brasil: 'Java Spring Boot developer'
2026-09-22 09:52:04 [INFO ] b.com.vagas.scraper.LinkedInScraper - LinkedIn - Encontradas 16 vagas remotas para 'Java Spring Boot developer'
2026-09-22 09:52:04 [INFO ] b.com.vagas.scraper.LinkedInScraper - LinkedIn - Buscando remotas no Brasil: 'JSF'
2026-09-22 09:52:06 [INFO ] b.com.vagas.scraper.LinkedInScraper - LinkedIn - Encontradas 0 vagas remotas para 'JSF'
2026-09-22 09:52:06 [INFO ] b.com.vagas.scraper.LinkedInScraper - LinkedIn - Buscando remotas no Brasil: 'PrimeFaces'
2026-09-22 09:52:11 [INFO ] b.com.vagas.scraper.LinkedInScraper - LinkedIn - Encontradas 1 vagas remotas para 'PrimeFaces'
2026-09-22 09:52:11 [INFO ] b.com.vagas.scraper.LinkedInScraper - LinkedIn - Buscando remotas no Brasil: 'Legado'
2026-09-22 09:52:14 [INFO ] b.com.vagas.scraper.LinkedInScraper - LinkedIn - Encontradas 0 vagas remotas para 'Legado'
2026-09-22 09:52:14 [INFO ] b.com.vagas.scraper.LinkedInScraper - LinkedIn - Buscando remotas no Brasil: 'Pl'
2026-09-22 09:52:17 [INFO ] b.com.vagas.scraper.LinkedInScraper - LinkedIn - Encontradas 0 vagas remotas para 'Pl'
2026-09-22 09:52:17 [INFO ] b.com.vagas.scraper.LinkedInScraper - LinkedIn - Buscando remotas no Brasil: 'SR'
2026-09-22 09:52:19 [INFO ] b.com.vagas.scraper.LinkedInScraper - LinkedIn - Encontradas 0 vagas remotas para 'SR'
2026-09-22 09:52:19 [INFO ] b.com.vagas.scraper.LinkedInScraper - LinkedIn - Buscando remotas no Brasil: 'desenvolvedor Java pleno senior'
2026-09-22 09:52:27 [INFO ] b.com.vagas.scraper.LinkedInScraper - LinkedIn - Encontradas 16 vagas remotas para 'desenvolvedor Java pleno senior'
2026-09-22 09:52:27 [INFO ] b.com.vagas.scraper.LinkedInScraper - LinkedIn - Total de vagas encontradas: 49
2026-09-22 09:52:27 [INFO ] b.com.vagas.scheduler.AgendadorBusca - LinkedIn: status=SUCESSO | 49 vagas | vagas=49
2026-09-22 09:52:27 [INFO ] b.com.vagas.scheduler.AgendadorBusca - Executando scraper: Gupy
2026-09-22 09:52:27 [INFO ] br.com.vagas.scraper.GupyScraper - Iniciando busca na Gupy...
2026-09-22 09:52:27 [INFO ] br.com.vagas.scraper.GupyScraper - Gupy - Buscando: 'java'
2026-09-22 09:52:36 [INFO ] br.com.vagas.scraper.GupyScraper - Gupy - Encontradas 14 vagas para 'java'
2026-09-22 09:52:36 [INFO ] br.com.vagas.scraper.GupyScraper - Gupy - Buscando: 'spring boot'
2026-09-22 09:52:38 [INFO ] br.com.vagas.scraper.GupyScraper - Gupy - Encontradas 0 vagas para 'spring boot'
2026-09-22 09:52:38 [INFO ] br.com.vagas.scraper.GupyScraper - Gupy - Buscando: 'jsf'
2026-09-22 09:52:40 [INFO ] br.com.vagas.scraper.GupyScraper - Gupy - Encontradas 0 vagas para 'jsf'
2026-09-22 09:52:40 [INFO ] br.com.vagas.scraper.GupyScraper - Gupy - Total de vagas encontradas: 14
2026-09-22 09:52:40 [INFO ] b.com.vagas.scheduler.AgendadorBusca - Gupy: status=SUCESSO | 14 vagas | vagas=14
2026-09-22 09:52:40 [INFO ] b.com.vagas.scheduler.AgendadorBusca - Executando scraper: Vagas.com
2026-09-22 09:52:40 [INFO ] b.com.vagas.scraper.VagasComScraper - Iniciando busca no Vagas.com.br...
2026-09-22 09:52:40 [INFO ] b.com.vagas.scraper.VagasComScraper - Vagas.com - Buscando: 'vagas-de-desenvolvedor-java'
2026-09-22 09:52:44 [INFO ] b.com.vagas.scraper.VagasComScraper - Vagas.com - Encontradas 1 vagas para 'vagas-de-desenvolvedor-java'
2026-09-22 09:52:44 [INFO ] b.com.vagas.scraper.VagasComScraper - Vagas.com - Buscando: 'vagas-de-java-spring-boot'
2026-09-22 09:52:47 [INFO ] b.com.vagas.scraper.VagasComScraper - Vagas.com - Encontradas 0 vagas para 'vagas-de-java-spring-boot'
2026-09-22 09:52:47 [INFO ] b.com.vagas.scraper.VagasComScraper - Vagas.com - Buscando: 'vagas-de-desenvolvedor-java-pleno'
2026-09-22 09:52:52 [INFO ] b.com.vagas.scraper.VagasComScraper - Vagas.com - Encontradas 1 vagas para 'vagas-de-desenvolvedor-java-pleno'
2026-09-22 09:52:52 [INFO ] b.com.vagas.scraper.VagasComScraper - Vagas.com - Buscando: 'vagas-de-desenvolvedor-java-senior'
2026-09-22 09:52:54 [INFO ] b.com.vagas.scraper.VagasComScraper - Vagas.com - Encontradas 0 vagas para 'vagas-de-desenvolvedor-java-senior'
2026-09-22 09:52:54 [INFO ] b.com.vagas.scraper.VagasComScraper - Vagas.com - Total de vagas encontradas: 2
2026-09-22 09:52:54 [INFO ] b.com.vagas.scheduler.AgendadorBusca - Vagas.com: status=SUCESSO | 2 vagas | vagas=2
2026-09-22 09:52:54 [INFO ] b.com.vagas.scheduler.AgendadorBusca - Executando scraper: Programathor
2026-09-22 09:52:54 [INFO ] b.c.v.scraper.ProgramathorScraper - Iniciando busca no Programathor...
2026-09-22 09:53:00 [INFO ] b.c.v.scraper.ProgramathorScraper - Programathor - Total de vagas encontradas: 1
2026-09-22 09:53:00 [INFO ] b.com.vagas.scheduler.AgendadorBusca - Programathor: status=SUCESSO | 1 vagas | vagas=1
2026-09-22 09:53:00 [INFO ] b.com.vagas.scheduler.AgendadorBusca - Executando scraper: Catho
2026-09-22 09:53:00 [INFO ] br.com.vagas.scraper.CathoScraper - Iniciando busca no Catho...
2026-09-22 09:53:00 [INFO ] br.com.vagas.scraper.CathoScraper - Catho - Buscando: 'desenvolvedor-java'
2026-09-22 09:53:04 [INFO ] br.com.vagas.scraper.CathoScraper - Catho - Encontradas 0 vagas para 'desenvolvedor-java'
2026-09-22 09:53:04 [INFO ] br.com.vagas.scraper.CathoScraper - Catho - Buscando: 'java-spring-boot'
2026-09-22 09:53:06 [INFO ] br.com.vagas.scraper.CathoScraper - Catho - Encontradas 0 vagas para 'java-spring-boot'
2026-09-22 09:53:06 [INFO ] br.com.vagas.scraper.CathoScraper - Catho - Buscando: 'desenvolvedor-java-pleno'
2026-09-22 09:53:09 [INFO ] br.com.vagas.scraper.CathoScraper - Catho - Encontradas 0 vagas para 'desenvolvedor-java-pleno'
2026-09-22 09:53:09 [INFO ] br.com.vagas.scraper.CathoScraper - Catho - Buscando: 'desenvolvedor-java-senior'
2026-09-22 09:53:10 [INFO ] br.com.vagas.scraper.CathoScraper - Catho - Encontradas 0 vagas para 'desenvolvedor-java-senior'
2026-09-22 09:53:10 [INFO ] br.com.vagas.scraper.CathoScraper - Catho - Total de vagas encontradas: 0
2026-09-22 09:53:10 [INFO ] b.com.vagas.scheduler.AgendadorBusca - Catho: status=SEM_VAGAS | HTTP OK, página processada, 0 vagas encontradas | vagas=0
2026-09-22 09:53:10 [INFO ] b.com.vagas.scheduler.AgendadorBusca - Executando scraper: InfoJobs
2026-09-22 09:53:10 [INFO ] b.com.vagas.scraper.InfoJobsScraper - Iniciando busca no InfoJobs Brasil...
2026-09-22 09:53:10 [INFO ] b.com.vagas.scraper.InfoJobsScraper - InfoJobs - Buscando home office: 'desenvolvedor java'
2026-09-22 09:53:13 [INFO ] b.com.vagas.scraper.InfoJobsScraper - InfoJobs - Encontradas 0 vagas home office para 'desenvolvedor java'
2026-09-22 09:53:13 [INFO ] b.com.vagas.scraper.InfoJobsScraper - InfoJobs - Buscando home office: 'java spring boot'
2026-09-22 09:53:15 [INFO ] b.com.vagas.scraper.InfoJobsScraper - InfoJobs - Encontradas 0 vagas home office para 'java spring boot'
2026-09-22 09:53:15 [INFO ] b.com.vagas.scraper.InfoJobsScraper - InfoJobs - Buscando home office: 'desenvolvedor java pleno'
2026-09-22 09:53:18 [INFO ] b.com.vagas.scraper.InfoJobsScraper - InfoJobs - Encontradas 0 vagas home office para 'desenvolvedor java pleno'
2026-09-22 09:53:18 [INFO ] b.com.vagas.scraper.InfoJobsScraper - InfoJobs - Buscando home office: 'desenvolvedor java senior'
2026-09-22 09:53:21 [INFO ] b.com.vagas.scraper.InfoJobsScraper - InfoJobs - Encontradas 0 vagas home office para 'desenvolvedor java senior'
2026-09-22 09:53:21 [INFO ] b.com.vagas.scraper.InfoJobsScraper - InfoJobs - Total de vagas encontradas: 0
2026-09-22 09:53:21 [INFO ] b.com.vagas.scheduler.AgendadorBusca - InfoJobs: status=SEM_VAGAS | HTTP OK, página processada, 0 vagas encontradas | vagas=0
2026-09-22 09:53:21 [INFO ] b.com.vagas.scheduler.AgendadorBusca - Executando scraper: Indeed
2026-09-22 09:53:21 [INFO ] br.com.vagas.scraper.IndeedScraper - Iniciando busca no Indeed Brasil...
2026-09-22 09:53:21 [INFO ] br.com.vagas.scraper.IndeedScraper - Indeed - Buscando remotas no Brasil: 'desenvolvedor Java senior'
2026-09-22 09:53:23 [ERROR] br.com.vagas.scraper.ScraperBase - Indeed - página 1: BLOQUEIO ANTI-BOT em https://br.indeed.com/jobs?q=desenvolvedor+Java+senior&l=Brasil&fromage=14&remotejob=1 (Cloudflare/CAPTCHA, HTTP 403)
2026-09-22 09:53:23 [INFO ] br.com.vagas.scraper.IndeedScraper - Indeed - Encontradas 0 vagas remotas para 'desenvolvedor Java senior'
2026-09-22 09:53:23 [INFO ] br.com.vagas.scraper.IndeedScraper - Indeed - Total de vagas encontradas: 0
2026-09-22 09:53:23 [INFO ] b.com.vagas.scheduler.AgendadorBusca - Indeed: status=BLOQUEIO | BLOQUEIO ANTI-BOT em https://br.indeed.com/jobs?q=desenvolvedor+Java+senior&l=Brasil&fromage=14&remotejob=1 (Cloudflare/CAPTCHA, HTTP 403) | vagas=0
2026-09-22 09:53:23 [INFO ] b.com.vagas.scheduler.AgendadorBusca - Total de vagas coletadas (com possíveis duplicatas): 66
2026-09-22 09:53:23 [INFO ] b.c.v.report.GeradorRelatorioHTML - Relatório gerado: C:\dev\projeto\vagas-robot\relatorios\vagas-java-2026-09-22_09-53.html
2026-09-22 09:53:23 [INFO ] b.com.vagas.scheduler.AgendadorBusca - ========================================
2026-09-22 09:53:23 [INFO ] b.com.vagas.scheduler.AgendadorBusca - Relatório gerado com sucesso!
2026-09-22 09:53:23 [INFO ] b.com.vagas.scheduler.AgendadorBusca - Arquivo: C:\dev\projeto\vagas-robot\relatorios\vagas-java-2026-09-22_09-53.html
2026-09-22 09:53:23 [INFO ] b.com.vagas.scheduler.AgendadorBusca - Total de vagas no relatório: 66
2026-09-22 09:53:23 [INFO ] b.com.vagas.scheduler.AgendadorBusca -   LinkedIn → SUCESSO (49 vagas)
2026-09-22 09:53:23 [INFO ] b.com.vagas.scheduler.AgendadorBusca -   Gupy → SUCESSO (14 vagas)
2026-09-22 09:53:23 [INFO ] b.com.vagas.scheduler.AgendadorBusca -   Vagas.com → SUCESSO (2 vagas)
2026-09-22 09:53:23 [INFO ] b.com.vagas.scheduler.AgendadorBusca -   Programathor → SUCESSO (1 vagas)
2026-09-22 09:53:23 [INFO ] b.com.vagas.scheduler.AgendadorBusca -   Catho → SEM_VAGAS (HTTP OK, página processada, 0 vagas encontradas)
2026-09-22 09:53:23 [INFO ] b.com.vagas.scheduler.AgendadorBusca -   InfoJobs → SEM_VAGAS (HTTP OK, página processada, 0 vagas encontradas)
2026-09-22 09:53:23 [INFO ] b.com.vagas.scheduler.AgendadorBusca -   Indeed → BLOQUEIO (BLOQUEIO ANTI-BOT em https://br.indeed.com/jobs?q=desenvolvedor+Java+senior&l=Brasil&fromage=14&remotejob=1 (Cloudflare/CAPTCHA, HTTP 403))
2026-09-22 09:53:23 [INFO ] b.com.vagas.scheduler.AgendadorBusca - ========================================
2026-09-22 09:53:23 [INFO ] b.com.vagas.scheduler.AgendadorBusca - Relatório aberto no navegador padrão.
2026-09-22 13:43:05 [INFO ] b.com.vagas.scheduler.AgendadorBusca - Execução manual iniciada pelo usuário
2026-09-22 13:43:05 [INFO ] b.com.vagas.scheduler.AgendadorBusca - ========================================
2026-09-22 13:43:05 [INFO ] b.com.vagas.scheduler.AgendadorBusca - Iniciando busca de vagas - 22/09/2026 13:43:05
2026-09-22 13:43:05 [INFO ] b.com.vagas.scheduler.AgendadorBusca - ========================================
2026-09-22 13:43:05 [INFO ] b.com.vagas.scheduler.AgendadorBusca - Executando scraper: LinkedIn
2026-09-22 13:43:05 [INFO ] b.com.vagas.scraper.LinkedInScraper - Iniciando busca no LinkedIn...
2026-09-22 13:43:05 [INFO ] b.com.vagas.scraper.LinkedInScraper - LinkedIn - Buscando remotas no Brasil: 'Java developer senior'
2026-09-22 13:43:13 [INFO ] b.com.vagas.scraper.LinkedInScraper - LinkedIn - Encontradas 16 vagas remotas para 'Java developer senior'
2026-09-22 13:43:13 [INFO ] b.com.vagas.scraper.LinkedInScraper - LinkedIn - Buscando remotas no Brasil: 'Java Spring Boot developer'
2026-09-22 13:43:20 [INFO ] b.com.vagas.scraper.LinkedInScraper - LinkedIn - Encontradas 15 vagas remotas para 'Java Spring Boot developer'
2026-09-22 13:43:20 [INFO ] b.com.vagas.scraper.LinkedInScraper - LinkedIn - Buscando remotas no Brasil: 'JSF'
2026-09-22 13:43:24 [INFO ] b.com.vagas.scraper.LinkedInScraper - LinkedIn - Encontradas 1 vagas remotas para 'JSF'
2026-09-22 13:43:24 [INFO ] b.com.vagas.scraper.LinkedInScraper - LinkedIn - Buscando remotas no Brasil: 'PrimeFaces'
2026-09-22 13:43:29 [INFO ] b.com.vagas.scraper.LinkedInScraper - LinkedIn - Encontradas 1 vagas remotas para 'PrimeFaces'
2026-09-22 13:43:29 [INFO ] b.com.vagas.scraper.LinkedInScraper - LinkedIn - Buscando remotas no Brasil: 'Legado'
2026-09-22 13:43:32 [INFO ] b.com.vagas.scraper.LinkedInScraper - LinkedIn - Encontradas 0 vagas remotas para 'Legado'
2026-09-22 13:43:32 [INFO ] b.com.vagas.scraper.LinkedInScraper - LinkedIn - Buscando remotas no Brasil: 'Pl'
2026-09-22 13:43:34 [INFO ] b.com.vagas.scraper.LinkedInScraper - LinkedIn - Encontradas 0 vagas remotas para 'Pl'
2026-09-22 13:43:34 [INFO ] b.com.vagas.scraper.LinkedInScraper - LinkedIn - Buscando remotas no Brasil: 'SR'
2026-09-22 13:43:37 [INFO ] b.com.vagas.scraper.LinkedInScraper - LinkedIn - Encontradas 0 vagas remotas para 'SR'
2026-09-22 13:43:37 [INFO ] b.com.vagas.scraper.LinkedInScraper - LinkedIn - Buscando remotas no Brasil: 'desenvolvedor Java pleno senior'
2026-09-22 13:43:44 [INFO ] b.com.vagas.scraper.LinkedInScraper - LinkedIn - Encontradas 16 vagas remotas para 'desenvolvedor Java pleno senior'
2026-09-22 13:43:44 [INFO ] b.com.vagas.scraper.LinkedInScraper - LinkedIn - Total de vagas encontradas: 49
2026-09-22 13:43:44 [INFO ] b.com.vagas.scheduler.AgendadorBusca - LinkedIn: status=SUCESSO | 49 vagas | vagas=49
2026-09-22 13:43:44 [INFO ] b.com.vagas.scheduler.AgendadorBusca - Executando scraper: Gupy
2026-09-22 13:43:44 [INFO ] br.com.vagas.scraper.GupyScraper - Iniciando busca na Gupy...
2026-09-22 13:43:44 [INFO ] br.com.vagas.scraper.GupyScraper - Gupy - Buscando: 'java'
2026-09-22 13:43:53 [INFO ] br.com.vagas.scraper.GupyScraper - Gupy - Encontradas 15 vagas para 'java'
2026-09-22 13:43:53 [INFO ] br.com.vagas.scraper.GupyScraper - Gupy - Buscando: 'spring boot'
2026-09-22 13:43:54 [INFO ] br.com.vagas.scraper.GupyScraper - Gupy - Encontradas 0 vagas para 'spring boot'
2026-09-22 13:43:54 [INFO ] br.com.vagas.scraper.GupyScraper - Gupy - Buscando: 'jsf'
2026-09-22 13:43:57 [INFO ] br.com.vagas.scraper.GupyScraper - Gupy - Encontradas 0 vagas para 'jsf'
2026-09-22 13:43:57 [INFO ] br.com.vagas.scraper.GupyScraper - Gupy - Total de vagas encontradas: 15
2026-09-22 13:43:57 [INFO ] b.com.vagas.scheduler.AgendadorBusca - Gupy: status=SUCESSO | 15 vagas | vagas=15
2026-09-22 13:43:57 [INFO ] b.com.vagas.scheduler.AgendadorBusca - Executando scraper: Vagas.com
2026-09-22 13:43:57 [INFO ] b.com.vagas.scraper.VagasComScraper - Iniciando busca no Vagas.com.br...
2026-09-22 13:43:57 [INFO ] b.com.vagas.scraper.VagasComScraper - Vagas.com - Buscando: 'vagas-de-desenvolvedor-java'
2026-09-22 13:44:01 [INFO ] b.com.vagas.scraper.VagasComScraper - Vagas.com - Encontradas 1 vagas para 'vagas-de-desenvolvedor-java'
2026-09-22 13:44:01 [INFO ] b.com.vagas.scraper.VagasComScraper - Vagas.com - Buscando: 'vagas-de-java-spring-boot'
2026-09-22 13:44:03 [INFO ] b.com.vagas.scraper.VagasComScraper - Vagas.com - Encontradas 0 vagas para 'vagas-de-java-spring-boot'
2026-09-22 13:44:03 [INFO ] b.com.vagas.scraper.VagasComScraper - Vagas.com - Buscando: 'vagas-de-desenvolvedor-java-pleno'
2026-09-22 13:44:08 [INFO ] b.com.vagas.scraper.VagasComScraper - Vagas.com - Encontradas 1 vagas para 'vagas-de-desenvolvedor-java-pleno'
2026-09-22 13:44:08 [INFO ] b.com.vagas.scraper.VagasComScraper - Vagas.com - Buscando: 'vagas-de-desenvolvedor-java-senior'
2026-09-22 13:44:10 [INFO ] b.com.vagas.scraper.VagasComScraper - Vagas.com - Encontradas 0 vagas para 'vagas-de-desenvolvedor-java-senior'
2026-09-22 13:44:10 [INFO ] b.com.vagas.scraper.VagasComScraper - Vagas.com - Total de vagas encontradas: 2
2026-09-22 13:44:10 [INFO ] b.com.vagas.scheduler.AgendadorBusca - Vagas.com: status=SUCESSO | 2 vagas | vagas=2
2026-09-22 13:44:10 [INFO ] b.com.vagas.scheduler.AgendadorBusca - Executando scraper: Programathor
2026-09-22 13:44:10 [INFO ] b.c.v.scraper.ProgramathorScraper - Iniciando busca no Programathor...
2026-09-22 13:44:16 [INFO ] b.c.v.scraper.ProgramathorScraper - Programathor - Total de vagas encontradas: 1
2026-09-22 13:44:16 [INFO ] b.com.vagas.scheduler.AgendadorBusca - Programathor: status=SUCESSO | 1 vagas | vagas=1
2026-09-22 13:44:16 [INFO ] b.com.vagas.scheduler.AgendadorBusca - Executando scraper: Catho
2026-09-22 13:44:16 [INFO ] br.com.vagas.scraper.CathoScraper - Iniciando busca no Catho...
2026-09-22 13:44:16 [INFO ] br.com.vagas.scraper.CathoScraper - Catho - Buscando: 'desenvolvedor-java'
2026-09-22 13:44:18 [INFO ] br.com.vagas.scraper.CathoScraper - Catho - Encontradas 0 vagas para 'desenvolvedor-java'
2026-09-22 13:44:18 [INFO ] br.com.vagas.scraper.CathoScraper - Catho - Buscando: 'java-spring-boot'
2026-09-22 13:44:20 [INFO ] br.com.vagas.scraper.CathoScraper - Catho - Encontradas 0 vagas para 'java-spring-boot'
2026-09-22 13:44:20 [INFO ] br.com.vagas.scraper.CathoScraper - Catho - Buscando: 'desenvolvedor-java-pleno'
2026-09-22 13:44:22 [INFO ] br.com.vagas.scraper.CathoScraper - Catho - Encontradas 0 vagas para 'desenvolvedor-java-pleno'
2026-09-22 13:44:22 [INFO ] br.com.vagas.scraper.CathoScraper - Catho - Buscando: 'desenvolvedor-java-senior'
2026-09-22 13:44:25 [INFO ] br.com.vagas.scraper.CathoScraper - Catho - Encontradas 0 vagas para 'desenvolvedor-java-senior'
2026-09-22 13:44:25 [INFO ] br.com.vagas.scraper.CathoScraper - Catho - Total de vagas encontradas: 0
2026-09-22 13:44:25 [INFO ] b.com.vagas.scheduler.AgendadorBusca - Catho: status=SEM_VAGAS | HTTP OK, página processada, 0 vagas encontradas | vagas=0
2026-09-22 13:44:25 [INFO ] b.com.vagas.scheduler.AgendadorBusca - Executando scraper: InfoJobs
2026-09-22 13:44:25 [INFO ] b.com.vagas.scraper.InfoJobsScraper - Iniciando busca no InfoJobs Brasil...
2026-09-22 13:44:25 [INFO ] b.com.vagas.scraper.InfoJobsScraper - InfoJobs - Buscando home office: 'desenvolvedor java'
2026-09-22 13:44:28 [INFO ] b.com.vagas.scraper.InfoJobsScraper - InfoJobs - Encontradas 0 vagas home office para 'desenvolvedor java'
2026-09-22 13:44:28 [INFO ] b.com.vagas.scraper.InfoJobsScraper - InfoJobs - Buscando home office: 'java spring boot'
2026-09-22 13:44:30 [INFO ] b.com.vagas.scraper.InfoJobsScraper - InfoJobs - Encontradas 0 vagas home office para 'java spring boot'
2026-09-22 13:44:30 [INFO ] b.com.vagas.scraper.InfoJobsScraper - InfoJobs - Buscando home office: 'desenvolvedor java pleno'
2026-09-22 13:44:32 [INFO ] b.com.vagas.scraper.InfoJobsScraper - InfoJobs - Encontradas 0 vagas home office para 'desenvolvedor java pleno'
2026-09-22 13:44:32 [INFO ] b.com.vagas.scraper.InfoJobsScraper - InfoJobs - Buscando home office: 'desenvolvedor java senior'
2026-09-22 13:44:34 [INFO ] b.com.vagas.scraper.InfoJobsScraper - InfoJobs - Encontradas 0 vagas home office para 'desenvolvedor java senior'
2026-09-22 13:44:34 [INFO ] b.com.vagas.scraper.InfoJobsScraper - InfoJobs - Total de vagas encontradas: 0
2026-09-22 13:44:34 [INFO ] b.com.vagas.scheduler.AgendadorBusca - InfoJobs: status=SEM_VAGAS | HTTP OK, página processada, 0 vagas encontradas | vagas=0
2026-09-22 13:44:34 [INFO ] b.com.vagas.scheduler.AgendadorBusca - Executando scraper: Indeed
2026-09-22 13:44:34 [INFO ] br.com.vagas.scraper.IndeedScraper - Iniciando busca no Indeed Brasil...
2026-09-22 13:44:34 [INFO ] br.com.vagas.scraper.IndeedScraper - Indeed - Buscando remotas no Brasil: 'desenvolvedor Java senior'
2026-09-22 13:44:36 [ERROR] br.com.vagas.scraper.ScraperBase - Indeed - página 1: BLOQUEIO ANTI-BOT em https://br.indeed.com/jobs?q=desenvolvedor+Java+senior&l=Brasil&fromage=14&remotejob=1 (Cloudflare/CAPTCHA, HTTP 403)
2026-09-22 13:44:36 [INFO ] br.com.vagas.scraper.IndeedScraper - Indeed - Encontradas 0 vagas remotas para 'desenvolvedor Java senior'
2026-09-22 13:44:36 [INFO ] br.com.vagas.scraper.IndeedScraper - Indeed - Total de vagas encontradas: 0
2026-09-22 13:44:36 [INFO ] b.com.vagas.scheduler.AgendadorBusca - Indeed: status=BLOQUEIO | BLOQUEIO ANTI-BOT em https://br.indeed.com/jobs?q=desenvolvedor+Java+senior&l=Brasil&fromage=14&remotejob=1 (Cloudflare/CAPTCHA, HTTP 403) | vagas=0
2026-09-22 13:44:36 [INFO ] b.com.vagas.scheduler.AgendadorBusca - Total de vagas coletadas (com possíveis duplicatas): 67
2026-09-22 13:44:36 [INFO ] b.c.v.report.GeradorRelatorioHTML - Relatório gerado: C:\dev\projeto\vagas-robot\relatorios\vagas-java-2026-09-22_13-44.html
2026-09-22 13:44:36 [INFO ] b.com.vagas.scheduler.AgendadorBusca - ========================================
2026-09-22 13:44:36 [INFO ] b.com.vagas.scheduler.AgendadorBusca - Relatório gerado com sucesso!
2026-09-22 13:44:36 [INFO ] b.com.vagas.scheduler.AgendadorBusca - Arquivo: C:\dev\projeto\vagas-robot\relatorios\vagas-java-2026-09-22_13-44.html
2026-09-22 13:44:36 [INFO ] b.com.vagas.scheduler.AgendadorBusca - Total de vagas no relatório: 67
2026-09-22 13:44:36 [INFO ] b.com.vagas.scheduler.AgendadorBusca -   LinkedIn → SUCESSO (49 vagas)
2026-09-22 13:44:36 [INFO ] b.com.vagas.scheduler.AgendadorBusca -   Gupy → SUCESSO (15 vagas)
2026-09-22 13:44:36 [INFO ] b.com.vagas.scheduler.AgendadorBusca -   Vagas.com → SUCESSO (2 vagas)
2026-09-22 13:44:36 [INFO ] b.com.vagas.scheduler.AgendadorBusca -   Programathor → SUCESSO (1 vagas)
2026-09-22 13:44:36 [INFO ] b.com.vagas.scheduler.AgendadorBusca -   Catho → SEM_VAGAS (HTTP OK, página processada, 0 vagas encontradas)
2026-09-22 13:44:36 [INFO ] b.com.vagas.scheduler.AgendadorBusca -   InfoJobs → SEM_VAGAS (HTTP OK, página processada, 0 vagas encontradas)
2026-09-22 13:44:36 [INFO ] b.com.vagas.scheduler.AgendadorBusca -   Indeed → BLOQUEIO (BLOQUEIO ANTI-BOT em https://br.indeed.com/jobs?q=desenvolvedor+Java+senior&l=Brasil&fromage=14&remotejob=1 (Cloudflare/CAPTCHA, HTTP 403))
2026-09-22 13:44:36 [INFO ] b.com.vagas.scheduler.AgendadorBusca - ========================================
2026-09-22 13:44:37 [INFO ] b.com.vagas.scheduler.AgendadorBusca - Relatório aberto no navegador padrão.
