2026-09-17 09:02:26 [INFO ] b.com.vagas.scheduler.AgendadorBusca - Execução manual iniciada pelo usuário
2026-09-17 09:02:27 [INFO ] b.com.vagas.scheduler.AgendadorBusca - ========================================
2026-09-17 09:02:27 [INFO ] b.com.vagas.scheduler.AgendadorBusca - Iniciando busca de vagas - 17/09/2026 09:02:27
2026-09-17 09:02:27 [INFO ] b.com.vagas.scheduler.AgendadorBusca - ========================================
2026-09-17 09:02:27 [INFO ] b.com.vagas.scheduler.AgendadorBusca - Executando scraper: LinkedIn
2026-09-17 09:02:27 [INFO ] b.com.vagas.scraper.LinkedInScraper - Iniciando busca no LinkedIn...
2026-09-17 09:02:27 [INFO ] b.com.vagas.scraper.LinkedInScraper - LinkedIn - Buscando remotas no Brasil: 'Java developer senior'
2026-09-17 09:02:35 [INFO ] b.com.vagas.scraper.LinkedInScraper - LinkedIn - Encontradas 14 vagas remotas para 'Java developer senior'
2026-09-17 09:02:35 [INFO ] b.com.vagas.scraper.LinkedInScraper - LinkedIn - Buscando remotas no Brasil: 'Java Spring Boot developer'
2026-09-17 09:02:43 [INFO ] b.com.vagas.scraper.LinkedInScraper - LinkedIn - Encontradas 13 vagas remotas para 'Java Spring Boot developer'
2026-09-17 09:02:43 [INFO ] b.com.vagas.scraper.LinkedInScraper - LinkedIn - Buscando remotas no Brasil: 'JSF'
2026-09-17 09:02:46 [INFO ] b.com.vagas.scraper.LinkedInScraper - LinkedIn - Encontradas 0 vagas remotas para 'JSF'
2026-09-17 09:02:46 [INFO ] b.com.vagas.scraper.LinkedInScraper - LinkedIn - Buscando remotas no Brasil: 'PrimeFaces'
2026-09-17 09:02:48 [INFO ] b.com.vagas.scraper.LinkedInScraper - LinkedIn - Encontradas 0 vagas remotas para 'PrimeFaces'
2026-09-17 09:02:48 [INFO ] b.com.vagas.scraper.LinkedInScraper - LinkedIn - Buscando remotas no Brasil: 'Legado'
2026-09-17 09:02:51 [INFO ] b.com.vagas.scraper.LinkedInScraper - LinkedIn - Encontradas 0 vagas remotas para 'Legado'
2026-09-17 09:02:51 [INFO ] b.com.vagas.scraper.LinkedInScraper - LinkedIn - Buscando remotas no Brasil: 'Pl'
2026-09-17 09:02:54 [INFO ] b.com.vagas.scraper.LinkedInScraper - LinkedIn - Encontradas 0 vagas remotas para 'Pl'
2026-09-17 09:02:54 [INFO ] b.com.vagas.scraper.LinkedInScraper - LinkedIn - Buscando remotas no Brasil: 'SR'
2026-09-17 09:02:57 [INFO ] b.com.vagas.scraper.LinkedInScraper - LinkedIn - Encontradas 0 vagas remotas para 'SR'
2026-09-17 09:02:57 [INFO ] b.com.vagas.scraper.LinkedInScraper - LinkedIn - Buscando remotas no Brasil: 'desenvolvedor Java pleno senior'
2026-09-17 09:03:05 [INFO ] b.com.vagas.scraper.LinkedInScraper - LinkedIn - Encontradas 15 vagas remotas para 'desenvolvedor Java pleno senior'
2026-09-17 09:03:05 [INFO ] b.com.vagas.scraper.LinkedInScraper - LinkedIn - Total de vagas encontradas: 42
2026-09-17 09:03:05 [INFO ] b.com.vagas.scheduler.AgendadorBusca - LinkedIn: status=SUCESSO | 42 vagas | vagas=42
2026-09-17 09:03:05 [INFO ] b.com.vagas.scheduler.AgendadorBusca - Executando scraper: Gupy
2026-09-17 09:03:05 [INFO ] br.com.vagas.scraper.GupyScraper - Iniciando busca na Gupy...
2026-09-17 09:03:05 [INFO ] br.com.vagas.scraper.GupyScraper - Gupy - Buscando: 'java'
2026-09-17 09:03:12 [INFO ] br.com.vagas.scraper.GupyScraper - Gupy - Encontradas 9 vagas para 'java'
2026-09-17 09:03:12 [INFO ] br.com.vagas.scraper.GupyScraper - Gupy - Buscando: 'spring boot'
2026-09-17 09:03:14 [INFO ] br.com.vagas.scraper.GupyScraper - Gupy - Encontradas 0 vagas para 'spring boot'
2026-09-17 09:03:14 [INFO ] br.com.vagas.scraper.GupyScraper - Gupy - Buscando: 'jsf'
2026-09-17 09:03:17 [INFO ] br.com.vagas.scraper.GupyScraper - Gupy - Encontradas 0 vagas para 'jsf'
2026-09-17 09:03:17 [INFO ] br.com.vagas.scraper.GupyScraper - Gupy - Total de vagas encontradas: 9
2026-09-17 09:03:17 [INFO ] b.com.vagas.scheduler.AgendadorBusca - Gupy: status=SUCESSO | 9 vagas | vagas=9
2026-09-17 09:03:17 [INFO ] b.com.vagas.scheduler.AgendadorBusca - Executando scraper: Vagas.com
2026-09-17 09:03:17 [INFO ] b.com.vagas.scraper.VagasComScraper - Iniciando busca no Vagas.com.br...
2026-09-17 09:03:17 [INFO ] b.com.vagas.scraper.VagasComScraper - Vagas.com - Buscando: 'vagas-de-desenvolvedor-java'
2026-09-17 09:03:22 [INFO ] b.com.vagas.scraper.VagasComScraper - Vagas.com - Encontradas 1 vagas para 'vagas-de-desenvolvedor-java'
2026-09-17 09:03:22 [INFO ] b.com.vagas.scraper.VagasComScraper - Vagas.com - Buscando: 'vagas-de-java-spring-boot'
2026-09-17 09:03:25 [INFO ] b.com.vagas.scraper.VagasComScraper - Vagas.com - Encontradas 0 vagas para 'vagas-de-java-spring-boot'
2026-09-17 09:03:25 [INFO ] b.com.vagas.scraper.VagasComScraper - Vagas.com - Buscando: 'vagas-de-desenvolvedor-java-pleno'
2026-09-17 09:03:30 [INFO ] b.com.vagas.scraper.VagasComScraper - Vagas.com - Encontradas 1 vagas para 'vagas-de-desenvolvedor-java-pleno'
2026-09-17 09:03:30 [INFO ] b.com.vagas.scraper.VagasComScraper - Vagas.com - Buscando: 'vagas-de-desenvolvedor-java-senior'
2026-09-17 09:03:32 [INFO ] b.com.vagas.scraper.VagasComScraper - Vagas.com - Encontradas 0 vagas para 'vagas-de-desenvolvedor-java-senior'
2026-09-17 09:03:32 [INFO ] b.com.vagas.scraper.VagasComScraper - Vagas.com - Total de vagas encontradas: 2
2026-09-17 09:03:32 [INFO ] b.com.vagas.scheduler.AgendadorBusca - Vagas.com: status=SUCESSO | 2 vagas | vagas=2
2026-09-17 09:03:32 [INFO ] b.com.vagas.scheduler.AgendadorBusca - Executando scraper: Programathor
2026-09-17 09:03:32 [INFO ] b.c.v.scraper.ProgramathorScraper - Iniciando busca no Programathor...
2026-09-17 09:03:38 [INFO ] b.c.v.scraper.ProgramathorScraper - Programathor - Total de vagas encontradas: 3
2026-09-17 09:03:38 [INFO ] b.com.vagas.scheduler.AgendadorBusca - Programathor: status=SUCESSO | 3 vagas | vagas=3
2026-09-17 09:03:38 [INFO ] b.com.vagas.scheduler.AgendadorBusca - Executando scraper: Catho
2026-09-17 09:03:38 [INFO ] br.com.vagas.scraper.CathoScraper - Iniciando busca no Catho...
2026-09-17 09:03:38 [INFO ] br.com.vagas.scraper.CathoScraper - Catho - Buscando: 'desenvolvedor-java'
2026-09-17 09:03:42 [INFO ] br.com.vagas.scraper.CathoScraper - Catho - Encontradas 0 vagas para 'desenvolvedor-java'
2026-09-17 09:03:42 [INFO ] br.com.vagas.scraper.CathoScraper - Catho - Buscando: 'java-spring-boot'
2026-09-17 09:03:44 [INFO ] br.com.vagas.scraper.CathoScraper - Catho - Encontradas 0 vagas para 'java-spring-boot'
2026-09-17 09:03:44 [INFO ] br.com.vagas.scraper.CathoScraper - Catho - Buscando: 'desenvolvedor-java-pleno'
2026-09-17 09:03:46 [INFO ] br.com.vagas.scraper.CathoScraper - Catho - Encontradas 0 vagas para 'desenvolvedor-java-pleno'
2026-09-17 09:03:46 [INFO ] br.com.vagas.scraper.CathoScraper - Catho - Buscando: 'desenvolvedor-java-senior'
2026-09-17 09:03:48 [INFO ] br.com.vagas.scraper.CathoScraper - Catho - Encontradas 0 vagas para 'desenvolvedor-java-senior'
2026-09-17 09:03:48 [INFO ] br.com.vagas.scraper.CathoScraper - Catho - Total de vagas encontradas: 0
2026-09-17 09:03:48 [INFO ] b.com.vagas.scheduler.AgendadorBusca - Catho: status=SEM_VAGAS | HTTP OK, página processada, 0 vagas encontradas | vagas=0
2026-09-17 09:03:48 [INFO ] b.com.vagas.scheduler.AgendadorBusca - Executando scraper: InfoJobs
2026-09-17 09:03:48 [INFO ] b.com.vagas.scraper.InfoJobsScraper - Iniciando busca no InfoJobs Brasil...
2026-09-17 09:03:48 [INFO ] b.com.vagas.scraper.InfoJobsScraper - InfoJobs - Buscando home office: 'desenvolvedor java'
2026-09-17 09:03:51 [INFO ] b.com.vagas.scraper.InfoJobsScraper - InfoJobs - Encontradas 0 vagas home office para 'desenvolvedor java'
2026-09-17 09:03:51 [INFO ] b.com.vagas.scraper.InfoJobsScraper - InfoJobs - Buscando home office: 'java spring boot'
2026-09-17 09:03:53 [INFO ] b.com.vagas.scraper.InfoJobsScraper - InfoJobs - Encontradas 0 vagas home office para 'java spring boot'
2026-09-17 09:03:53 [INFO ] b.com.vagas.scraper.InfoJobsScraper - InfoJobs - Buscando home office: 'desenvolvedor java pleno'
2026-09-17 09:03:56 [INFO ] b.com.vagas.scraper.InfoJobsScraper - InfoJobs - Encontradas 0 vagas home office para 'desenvolvedor java pleno'
2026-09-17 09:03:56 [INFO ] b.com.vagas.scraper.InfoJobsScraper - InfoJobs - Buscando home office: 'desenvolvedor java senior'
2026-09-17 09:03:58 [INFO ] b.com.vagas.scraper.InfoJobsScraper - InfoJobs - Encontradas 0 vagas home office para 'desenvolvedor java senior'
2026-09-17 09:03:58 [INFO ] b.com.vagas.scraper.InfoJobsScraper - InfoJobs - Total de vagas encontradas: 0
2026-09-17 09:03:58 [INFO ] b.com.vagas.scheduler.AgendadorBusca - InfoJobs: status=SEM_VAGAS | HTTP OK, página processada, 0 vagas encontradas | vagas=0
2026-09-17 09:03:58 [INFO ] b.com.vagas.scheduler.AgendadorBusca - Executando scraper: Indeed
2026-09-17 09:03:58 [INFO ] br.com.vagas.scraper.IndeedScraper - Iniciando busca no Indeed Brasil...
2026-09-17 09:03:58 [INFO ] br.com.vagas.scraper.IndeedScraper - Indeed - Buscando remotas no Brasil: 'desenvolvedor Java senior'
2026-09-17 09:04:01 [ERROR] br.com.vagas.scraper.ScraperBase - Indeed - página 1: BLOQUEIO ANTI-BOT em https://br.indeed.com/jobs?q=desenvolvedor+Java+senior&l=Brasil&fromage=14&remotejob=1 (Cloudflare/CAPTCHA, HTTP 403)
2026-09-17 09:04:01 [INFO ] br.com.vagas.scraper.IndeedScraper - Indeed - Encontradas 0 vagas remotas para 'desenvolvedor Java senior'
2026-09-17 09:04:01 [INFO ] br.com.vagas.scraper.IndeedScraper - Indeed - Total de vagas encontradas: 0
2026-09-17 09:04:01 [INFO ] b.com.vagas.scheduler.AgendadorBusca - Indeed: status=BLOQUEIO | BLOQUEIO ANTI-BOT em https://br.indeed.com/jobs?q=desenvolvedor+Java+senior&l=Brasil&fromage=14&remotejob=1 (Cloudflare/CAPTCHA, HTTP 403) | vagas=0
2026-09-17 09:04:01 [INFO ] b.com.vagas.scheduler.AgendadorBusca - Total de vagas coletadas (com possíveis duplicatas): 56
2026-09-17 09:04:01 [INFO ] b.c.v.report.GeradorRelatorioHTML - Relatório gerado: C:\dev\projeto\vagas-robot\relatorios\vagas-java-2026-09-17_09-04.html
2026-09-17 09:04:01 [INFO ] b.com.vagas.scheduler.AgendadorBusca - ========================================
2026-09-17 09:04:01 [INFO ] b.com.vagas.scheduler.AgendadorBusca - Relatório gerado com sucesso!
2026-09-17 09:04:01 [INFO ] b.com.vagas.scheduler.AgendadorBusca - Arquivo: C:\dev\projeto\vagas-robot\relatorios\vagas-java-2026-09-17_09-04.html
2026-09-17 09:04:01 [INFO ] b.com.vagas.scheduler.AgendadorBusca - Total de vagas no relatório: 56
2026-09-17 09:04:01 [INFO ] b.com.vagas.scheduler.AgendadorBusca -   LinkedIn → SUCESSO (42 vagas)
2026-09-17 09:04:01 [INFO ] b.com.vagas.scheduler.AgendadorBusca -   Gupy → SUCESSO (9 vagas)
2026-09-17 09:04:01 [INFO ] b.com.vagas.scheduler.AgendadorBusca -   Vagas.com → SUCESSO (2 vagas)
2026-09-17 09:04:01 [INFO ] b.com.vagas.scheduler.AgendadorBusca -   Programathor → SUCESSO (3 vagas)
2026-09-17 09:04:01 [INFO ] b.com.vagas.scheduler.AgendadorBusca -   Catho → SEM_VAGAS (HTTP OK, página processada, 0 vagas encontradas)
2026-09-17 09:04:01 [INFO ] b.com.vagas.scheduler.AgendadorBusca -   InfoJobs → SEM_VAGAS (HTTP OK, página processada, 0 vagas encontradas)
2026-09-17 09:04:01 [INFO ] b.com.vagas.scheduler.AgendadorBusca -   Indeed → BLOQUEIO (BLOQUEIO ANTI-BOT em https://br.indeed.com/jobs?q=desenvolvedor+Java+senior&l=Brasil&fromage=14&remotejob=1 (Cloudflare/CAPTCHA, HTTP 403))
2026-09-17 09:04:01 [INFO ] b.com.vagas.scheduler.AgendadorBusca - ========================================
2026-09-17 09:04:01 [INFO ] b.com.vagas.scheduler.AgendadorBusca - Relatório aberto no navegador padrão.
2026-09-17 09:54:39 [INFO ] b.com.vagas.scheduler.AgendadorBusca - Execução manual iniciada pelo usuário
2026-09-17 09:54:39 [INFO ] b.com.vagas.scheduler.AgendadorBusca - ========================================
2026-09-17 09:54:39 [INFO ] b.com.vagas.scheduler.AgendadorBusca - Iniciando busca de vagas - 17/09/2026 09:54:39
2026-09-17 09:54:39 [INFO ] b.com.vagas.scheduler.AgendadorBusca - ========================================
2026-09-17 09:54:39 [INFO ] b.com.vagas.scheduler.AgendadorBusca - Executando scraper: LinkedIn
2026-09-17 09:54:39 [INFO ] b.com.vagas.scraper.LinkedInScraper - Iniciando busca no LinkedIn...
2026-09-17 09:54:39 [INFO ] b.com.vagas.scraper.LinkedInScraper - LinkedIn - Buscando remotas no Brasil: 'Java developer senior'
2026-09-17 09:54:46 [INFO ] b.com.vagas.scraper.LinkedInScraper - LinkedIn - Encontradas 14 vagas remotas para 'Java developer senior'
2026-09-17 09:54:46 [INFO ] b.com.vagas.scraper.LinkedInScraper - LinkedIn - Buscando remotas no Brasil: 'Java Spring Boot developer'
2026-09-17 09:54:53 [INFO ] b.com.vagas.scraper.LinkedInScraper - LinkedIn - Encontradas 13 vagas remotas para 'Java Spring Boot developer'
2026-09-17 09:54:53 [INFO ] b.com.vagas.scraper.LinkedInScraper - LinkedIn - Buscando remotas no Brasil: 'JSF'
2026-09-17 09:54:56 [INFO ] b.com.vagas.scraper.LinkedInScraper - LinkedIn - Encontradas 0 vagas remotas para 'JSF'
2026-09-17 09:54:56 [INFO ] b.com.vagas.scraper.LinkedInScraper - LinkedIn - Buscando remotas no Brasil: 'PrimeFaces'
2026-09-17 09:55:04 [INFO ] b.com.vagas.scraper.LinkedInScraper - LinkedIn - Encontradas 0 vagas remotas para 'PrimeFaces'
2026-09-17 09:55:04 [INFO ] b.com.vagas.scraper.LinkedInScraper - LinkedIn - Buscando remotas no Brasil: 'Legado'
2026-09-17 09:55:06 [INFO ] b.com.vagas.scraper.LinkedInScraper - LinkedIn - Encontradas 0 vagas remotas para 'Legado'
2026-09-17 09:55:06 [INFO ] b.com.vagas.scraper.LinkedInScraper - LinkedIn - Buscando remotas no Brasil: 'Pl'
2026-09-17 09:55:09 [INFO ] b.com.vagas.scraper.LinkedInScraper - LinkedIn - Encontradas 0 vagas remotas para 'Pl'
2026-09-17 09:55:09 [INFO ] b.com.vagas.scraper.LinkedInScraper - LinkedIn - Buscando remotas no Brasil: 'SR'
2026-09-17 09:55:11 [INFO ] b.com.vagas.scraper.LinkedInScraper - LinkedIn - Encontradas 0 vagas remotas para 'SR'
2026-09-17 09:55:11 [INFO ] b.com.vagas.scraper.LinkedInScraper - LinkedIn - Buscando remotas no Brasil: 'desenvolvedor Java pleno senior'
2026-09-17 09:55:13 [ERROR] b.com.vagas.scraper.LinkedInScraper - LinkedIn - Falha na página 1: HTTP 429 em https://www.linkedin.com/jobs-guest/jobs/api/seeMoreJobPostings/search?keywords=desenvolvedor+Java+pleno+senior&location=Brasil&geoId=106057199&f_TPR=r1209600&f_E=3%2C4&f_WT=2&start=0
2026-09-17 09:55:13 [INFO ] b.com.vagas.scraper.LinkedInScraper - LinkedIn - Total de vagas encontradas: 27
2026-09-17 09:55:13 [INFO ] b.com.vagas.scheduler.AgendadorBusca - LinkedIn: status=SUCESSO | 27 vagas (busca parcial: HTTP 429 em https://www.linkedin.com/jobs-guest/jobs/api/seeMoreJobPostings/search?keywords=desenvolvedor+Java+pleno+senior&location=Brasil&geoId=106057199&f_TPR=r1209600&f_E=3%2C4&f_WT=2&start=0) | vagas=27
2026-09-17 09:55:13 [INFO ] b.com.vagas.scheduler.AgendadorBusca - Executando scraper: Gupy
2026-09-17 09:55:13 [INFO ] br.com.vagas.scraper.GupyScraper - Iniciando busca na Gupy...
2026-09-17 09:55:13 [INFO ] br.com.vagas.scraper.GupyScraper - Gupy - Buscando: 'java'
2026-09-17 09:55:20 [INFO ] br.com.vagas.scraper.GupyScraper - Gupy - Encontradas 9 vagas para 'java'
2026-09-17 09:55:20 [INFO ] br.com.vagas.scraper.GupyScraper - Gupy - Buscando: 'spring boot'
2026-09-17 09:55:22 [INFO ] br.com.vagas.scraper.GupyScraper - Gupy - Encontradas 0 vagas para 'spring boot'
2026-09-17 09:55:22 [INFO ] br.com.vagas.scraper.GupyScraper - Gupy - Buscando: 'jsf'
2026-09-17 09:55:24 [INFO ] br.com.vagas.scraper.GupyScraper - Gupy - Encontradas 0 vagas para 'jsf'
2026-09-17 09:55:24 [INFO ] br.com.vagas.scraper.GupyScraper - Gupy - Total de vagas encontradas: 9
2026-09-17 09:55:24 [INFO ] b.com.vagas.scheduler.AgendadorBusca - Gupy: status=SUCESSO | 9 vagas | vagas=9
2026-09-17 09:55:24 [INFO ] b.com.vagas.scheduler.AgendadorBusca - Executando scraper: Vagas.com
2026-09-17 09:55:24 [INFO ] b.com.vagas.scraper.VagasComScraper - Iniciando busca no Vagas.com.br...
2026-09-17 09:55:24 [INFO ] b.com.vagas.scraper.VagasComScraper - Vagas.com - Buscando: 'vagas-de-desenvolvedor-java'
2026-09-17 09:55:28 [INFO ] b.com.vagas.scraper.VagasComScraper - Vagas.com - Encontradas 1 vagas para 'vagas-de-desenvolvedor-java'
2026-09-17 09:55:28 [INFO ] b.com.vagas.scraper.VagasComScraper - Vagas.com - Buscando: 'vagas-de-java-spring-boot'
2026-09-17 09:55:30 [INFO ] b.com.vagas.scraper.VagasComScraper - Vagas.com - Encontradas 0 vagas para 'vagas-de-java-spring-boot'
2026-09-17 09:55:30 [INFO ] b.com.vagas.scraper.VagasComScraper - Vagas.com - Buscando: 'vagas-de-desenvolvedor-java-pleno'
2026-09-17 09:55:34 [INFO ] b.com.vagas.scraper.VagasComScraper - Vagas.com - Encontradas 1 vagas para 'vagas-de-desenvolvedor-java-pleno'
2026-09-17 09:55:34 [INFO ] b.com.vagas.scraper.VagasComScraper - Vagas.com - Buscando: 'vagas-de-desenvolvedor-java-senior'
2026-09-17 09:55:37 [INFO ] b.com.vagas.scraper.VagasComScraper - Vagas.com - Encontradas 0 vagas para 'vagas-de-desenvolvedor-java-senior'
2026-09-17 09:55:37 [INFO ] b.com.vagas.scraper.VagasComScraper - Vagas.com - Total de vagas encontradas: 2
2026-09-17 09:55:37 [INFO ] b.com.vagas.scheduler.AgendadorBusca - Vagas.com: status=SUCESSO | 2 vagas | vagas=2
2026-09-17 09:55:37 [INFO ] b.com.vagas.scheduler.AgendadorBusca - Executando scraper: Programathor
2026-09-17 09:55:37 [INFO ] b.c.v.scraper.ProgramathorScraper - Iniciando busca no Programathor...
2026-09-17 09:55:43 [INFO ] b.c.v.scraper.ProgramathorScraper - Programathor - Total de vagas encontradas: 3
2026-09-17 09:55:43 [INFO ] b.com.vagas.scheduler.AgendadorBusca - Programathor: status=SUCESSO | 3 vagas | vagas=3
2026-09-17 09:55:43 [INFO ] b.com.vagas.scheduler.AgendadorBusca - Executando scraper: Catho
2026-09-17 09:55:43 [INFO ] br.com.vagas.scraper.CathoScraper - Iniciando busca no Catho...
2026-09-17 09:55:43 [INFO ] br.com.vagas.scraper.CathoScraper - Catho - Buscando: 'desenvolvedor-java'
2026-09-17 09:55:45 [INFO ] br.com.vagas.scraper.CathoScraper - Catho - Encontradas 0 vagas para 'desenvolvedor-java'
2026-09-17 09:55:45 [INFO ] br.com.vagas.scraper.CathoScraper - Catho - Buscando: 'java-spring-boot'
2026-09-17 09:55:48 [INFO ] br.com.vagas.scraper.CathoScraper - Catho - Encontradas 0 vagas para 'java-spring-boot'
2026-09-17 09:55:48 [INFO ] br.com.vagas.scraper.CathoScraper - Catho - Buscando: 'desenvolvedor-java-pleno'
2026-09-17 09:55:50 [INFO ] br.com.vagas.scraper.CathoScraper - Catho - Encontradas 0 vagas para 'desenvolvedor-java-pleno'
2026-09-17 09:55:50 [INFO ] br.com.vagas.scraper.CathoScraper - Catho - Buscando: 'desenvolvedor-java-senior'
2026-09-17 09:55:52 [INFO ] br.com.vagas.scraper.CathoScraper - Catho - Encontradas 0 vagas para 'desenvolvedor-java-senior'
2026-09-17 09:55:52 [INFO ] br.com.vagas.scraper.CathoScraper - Catho - Total de vagas encontradas: 0
2026-09-17 09:55:52 [INFO ] b.com.vagas.scheduler.AgendadorBusca - Catho: status=SEM_VAGAS | HTTP OK, página processada, 0 vagas encontradas | vagas=0
2026-09-17 09:55:52 [INFO ] b.com.vagas.scheduler.AgendadorBusca - Executando scraper: InfoJobs
2026-09-17 09:55:52 [INFO ] b.com.vagas.scraper.InfoJobsScraper - Iniciando busca no InfoJobs Brasil...
2026-09-17 09:55:52 [INFO ] b.com.vagas.scraper.InfoJobsScraper - InfoJobs - Buscando home office: 'desenvolvedor java'
2026-09-17 09:55:55 [INFO ] b.com.vagas.scraper.InfoJobsScraper - InfoJobs - Encontradas 0 vagas home office para 'desenvolvedor java'
2026-09-17 09:55:55 [INFO ] b.com.vagas.scraper.InfoJobsScraper - InfoJobs - Buscando home office: 'java spring boot'
2026-09-17 09:55:58 [INFO ] b.com.vagas.scraper.InfoJobsScraper - InfoJobs - Encontradas 0 vagas home office para 'java spring boot'
2026-09-17 09:55:58 [INFO ] b.com.vagas.scraper.InfoJobsScraper - InfoJobs - Buscando home office: 'desenvolvedor java pleno'
2026-09-17 09:56:01 [INFO ] b.com.vagas.scraper.InfoJobsScraper - InfoJobs - Encontradas 0 vagas home office para 'desenvolvedor java pleno'
2026-09-17 09:56:01 [INFO ] b.com.vagas.scraper.InfoJobsScraper - InfoJobs - Buscando home office: 'desenvolvedor java senior'
2026-09-17 09:56:03 [INFO ] b.com.vagas.scraper.InfoJobsScraper - InfoJobs - Encontradas 0 vagas home office para 'desenvolvedor java senior'
2026-09-17 09:56:03 [INFO ] b.com.vagas.scraper.InfoJobsScraper - InfoJobs - Total de vagas encontradas: 0
2026-09-17 09:56:03 [INFO ] b.com.vagas.scheduler.AgendadorBusca - InfoJobs: status=SEM_VAGAS | HTTP OK, página processada, 0 vagas encontradas | vagas=0
2026-09-17 09:56:03 [INFO ] b.com.vagas.scheduler.AgendadorBusca - Executando scraper: Indeed
2026-09-17 09:56:03 [INFO ] br.com.vagas.scraper.IndeedScraper - Iniciando busca no Indeed Brasil...
2026-09-17 09:56:03 [INFO ] br.com.vagas.scraper.IndeedScraper - Indeed - Buscando remotas no Brasil: 'desenvolvedor Java senior'
2026-09-17 09:56:06 [ERROR] br.com.vagas.scraper.ScraperBase - Indeed - página 1: BLOQUEIO ANTI-BOT em https://br.indeed.com/jobs?q=desenvolvedor+Java+senior&l=Brasil&fromage=14&remotejob=1 (Cloudflare/CAPTCHA, HTTP 403)
2026-09-17 09:56:06 [INFO ] br.com.vagas.scraper.IndeedScraper - Indeed - Encontradas 0 vagas remotas para 'desenvolvedor Java senior'
2026-09-17 09:56:06 [INFO ] br.com.vagas.scraper.IndeedScraper - Indeed - Total de vagas encontradas: 0
2026-09-17 09:56:06 [INFO ] b.com.vagas.scheduler.AgendadorBusca - Indeed: status=BLOQUEIO | BLOQUEIO ANTI-BOT em https://br.indeed.com/jobs?q=desenvolvedor+Java+senior&l=Brasil&fromage=14&remotejob=1 (Cloudflare/CAPTCHA, HTTP 403) | vagas=0
2026-09-17 09:56:06 [INFO ] b.com.vagas.scheduler.AgendadorBusca - Total de vagas coletadas (com possíveis duplicatas): 41
2026-09-17 09:56:06 [INFO ] b.c.v.report.GeradorRelatorioHTML - Relatório gerado: C:\dev\projeto\vagas-robot\relatorios\vagas-java-2026-09-17_09-56.html
2026-09-17 09:56:06 [INFO ] b.com.vagas.scheduler.AgendadorBusca - ========================================
2026-09-17 09:56:06 [INFO ] b.com.vagas.scheduler.AgendadorBusca - Relatório gerado com sucesso!
2026-09-17 09:56:06 [INFO ] b.com.vagas.scheduler.AgendadorBusca - Arquivo: C:\dev\projeto\vagas-robot\relatorios\vagas-java-2026-09-17_09-56.html
2026-09-17 09:56:06 [INFO ] b.com.vagas.scheduler.AgendadorBusca - Total de vagas no relatório: 41
2026-09-17 09:56:06 [INFO ] b.com.vagas.scheduler.AgendadorBusca -   LinkedIn → SUCESSO (27 vagas (busca parcial: HTTP 429 em https://www.linkedin.com/jobs-guest/jobs/api/seeMoreJobPostings/search?keywords=desenvolvedor+Java+pleno+senior&location=Brasil&geoId=106057199&f_TPR=r1209600&f_E=3%2C4&f_WT=2&start=0))
2026-09-17 09:56:06 [INFO ] b.com.vagas.scheduler.AgendadorBusca -   Gupy → SUCESSO (9 vagas)
2026-09-17 09:56:06 [INFO ] b.com.vagas.scheduler.AgendadorBusca -   Vagas.com → SUCESSO (2 vagas)
2026-09-17 09:56:06 [INFO ] b.com.vagas.scheduler.AgendadorBusca -   Programathor → SUCESSO (3 vagas)
2026-09-17 09:56:06 [INFO ] b.com.vagas.scheduler.AgendadorBusca -   Catho → SEM_VAGAS (HTTP OK, página processada, 0 vagas encontradas)
2026-09-17 09:56:06 [INFO ] b.com.vagas.scheduler.AgendadorBusca -   InfoJobs → SEM_VAGAS (HTTP OK, página processada, 0 vagas encontradas)
2026-09-17 09:56:06 [INFO ] b.com.vagas.scheduler.AgendadorBusca -   Indeed → BLOQUEIO (BLOQUEIO ANTI-BOT em https://br.indeed.com/jobs?q=desenvolvedor+Java+senior&l=Brasil&fromage=14&remotejob=1 (Cloudflare/CAPTCHA, HTTP 403))
2026-09-17 09:56:06 [INFO ] b.com.vagas.scheduler.AgendadorBusca - ========================================
2026-09-17 09:56:06 [INFO ] b.com.vagas.scheduler.AgendadorBusca - Relatório aberto no navegador padrão.
2026-09-17 14:07:03 [INFO ] b.com.vagas.scheduler.AgendadorBusca - Execução manual iniciada pelo usuário
2026-09-17 14:07:03 [INFO ] b.com.vagas.scheduler.AgendadorBusca - ========================================
2026-09-17 14:07:03 [INFO ] b.com.vagas.scheduler.AgendadorBusca - Iniciando busca de vagas - 17/09/2026 14:07:03
2026-09-17 14:07:03 [INFO ] b.com.vagas.scheduler.AgendadorBusca - ========================================
2026-09-17 14:07:03 [INFO ] b.com.vagas.scheduler.AgendadorBusca - Executando scraper: LinkedIn
2026-09-17 14:07:03 [INFO ] b.com.vagas.scraper.LinkedInScraper - Iniciando busca no LinkedIn...
2026-09-17 14:07:03 [INFO ] b.com.vagas.scraper.LinkedInScraper - LinkedIn - Buscando remotas no Brasil: 'Java developer senior'
2026-09-17 14:07:11 [INFO ] b.com.vagas.scraper.LinkedInScraper - LinkedIn - Encontradas 13 vagas remotas para 'Java developer senior'
2026-09-17 14:07:11 [INFO ] b.com.vagas.scraper.LinkedInScraper - LinkedIn - Buscando remotas no Brasil: 'Java Spring Boot developer'
2026-09-17 14:07:18 [INFO ] b.com.vagas.scraper.LinkedInScraper - LinkedIn - Encontradas 13 vagas remotas para 'Java Spring Boot developer'
2026-09-17 14:07:18 [INFO ] b.com.vagas.scraper.LinkedInScraper - LinkedIn - Buscando remotas no Brasil: 'JSF'
2026-09-17 14:07:21 [INFO ] b.com.vagas.scraper.LinkedInScraper - LinkedIn - Encontradas 0 vagas remotas para 'JSF'
2026-09-17 14:07:21 [INFO ] b.com.vagas.scraper.LinkedInScraper - LinkedIn - Buscando remotas no Brasil: 'PrimeFaces'
2026-09-17 14:07:24 [INFO ] b.com.vagas.scraper.LinkedInScraper - LinkedIn - Encontradas 0 vagas remotas para 'PrimeFaces'
2026-09-17 14:07:24 [INFO ] b.com.vagas.scraper.LinkedInScraper - LinkedIn - Buscando remotas no Brasil: 'Legado'
2026-09-17 14:07:26 [INFO ] b.com.vagas.scraper.LinkedInScraper - LinkedIn - Encontradas 0 vagas remotas para 'Legado'
2026-09-17 14:07:26 [INFO ] b.com.vagas.scraper.LinkedInScraper - LinkedIn - Buscando remotas no Brasil: 'Pl'
2026-09-17 14:07:28 [INFO ] b.com.vagas.scraper.LinkedInScraper - LinkedIn - Encontradas 0 vagas remotas para 'Pl'
2026-09-17 14:07:28 [INFO ] b.com.vagas.scraper.LinkedInScraper - LinkedIn - Buscando remotas no Brasil: 'SR'
2026-09-17 14:07:31 [INFO ] b.com.vagas.scraper.LinkedInScraper - LinkedIn - Encontradas 0 vagas remotas para 'SR'
2026-09-17 14:07:31 [INFO ] b.com.vagas.scraper.LinkedInScraper - LinkedIn - Buscando remotas no Brasil: 'desenvolvedor Java pleno senior'
2026-09-17 14:07:38 [INFO ] b.com.vagas.scraper.LinkedInScraper - LinkedIn - Encontradas 15 vagas remotas para 'desenvolvedor Java pleno senior'
2026-09-17 14:07:38 [INFO ] b.com.vagas.scraper.LinkedInScraper - LinkedIn - Total de vagas encontradas: 41
2026-09-17 14:07:38 [INFO ] b.com.vagas.scheduler.AgendadorBusca - LinkedIn: status=SUCESSO | 41 vagas | vagas=41
2026-09-17 14:07:38 [INFO ] b.com.vagas.scheduler.AgendadorBusca - Executando scraper: Gupy
2026-09-17 14:07:38 [INFO ] br.com.vagas.scraper.GupyScraper - Iniciando busca na Gupy...
2026-09-17 14:07:38 [INFO ] br.com.vagas.scraper.GupyScraper - Gupy - Buscando: 'java'
2026-09-17 14:07:46 [INFO ] br.com.vagas.scraper.GupyScraper - Gupy - Encontradas 9 vagas para 'java'
2026-09-17 14:07:46 [INFO ] br.com.vagas.scraper.GupyScraper - Gupy - Buscando: 'spring boot'
2026-09-17 14:07:48 [INFO ] br.com.vagas.scraper.GupyScraper - Gupy - Encontradas 0 vagas para 'spring boot'
2026-09-17 14:07:48 [INFO ] br.com.vagas.scraper.GupyScraper - Gupy - Buscando: 'jsf'
2026-09-17 14:07:50 [INFO ] br.com.vagas.scraper.GupyScraper - Gupy - Encontradas 0 vagas para 'jsf'
2026-09-17 14:07:50 [INFO ] br.com.vagas.scraper.GupyScraper - Gupy - Total de vagas encontradas: 9
2026-09-17 14:07:50 [INFO ] b.com.vagas.scheduler.AgendadorBusca - Gupy: status=SUCESSO | 9 vagas | vagas=9
2026-09-17 14:07:50 [INFO ] b.com.vagas.scheduler.AgendadorBusca - Executando scraper: Vagas.com
2026-09-17 14:07:50 [INFO ] b.com.vagas.scraper.VagasComScraper - Iniciando busca no Vagas.com.br...
2026-09-17 14:07:50 [INFO ] b.com.vagas.scraper.VagasComScraper - Vagas.com - Buscando: 'vagas-de-desenvolvedor-java'
2026-09-17 14:07:55 [INFO ] b.com.vagas.scraper.VagasComScraper - Vagas.com - Encontradas 1 vagas para 'vagas-de-desenvolvedor-java'
2026-09-17 14:07:55 [INFO ] b.com.vagas.scraper.VagasComScraper - Vagas.com - Buscando: 'vagas-de-java-spring-boot'
2026-09-17 14:07:57 [INFO ] b.com.vagas.scraper.VagasComScraper - Vagas.com - Encontradas 0 vagas para 'vagas-de-java-spring-boot'
2026-09-17 14:07:57 [INFO ] b.com.vagas.scraper.VagasComScraper - Vagas.com - Buscando: 'vagas-de-desenvolvedor-java-pleno'
2026-09-17 14:08:01 [INFO ] b.com.vagas.scraper.VagasComScraper - Vagas.com - Encontradas 1 vagas para 'vagas-de-desenvolvedor-java-pleno'
2026-09-17 14:08:01 [INFO ] b.com.vagas.scraper.VagasComScraper - Vagas.com - Buscando: 'vagas-de-desenvolvedor-java-senior'
2026-09-17 14:08:04 [INFO ] b.com.vagas.scraper.VagasComScraper - Vagas.com - Encontradas 0 vagas para 'vagas-de-desenvolvedor-java-senior'
2026-09-17 14:08:04 [INFO ] b.com.vagas.scraper.VagasComScraper - Vagas.com - Total de vagas encontradas: 2
2026-09-17 14:08:04 [INFO ] b.com.vagas.scheduler.AgendadorBusca - Vagas.com: status=SUCESSO | 2 vagas | vagas=2
2026-09-17 14:08:04 [INFO ] b.com.vagas.scheduler.AgendadorBusca - Executando scraper: Programathor
2026-09-17 14:08:04 [INFO ] b.c.v.scraper.ProgramathorScraper - Iniciando busca no Programathor...
2026-09-17 14:08:26 [ERROR] br.com.vagas.scraper.ScraperBase - Programathor - página 1: ERRO DE CONEXÃO em https://programathor.com.br/jobs-java (HttpTimeoutException: request timed out)
2026-09-17 14:08:26 [INFO ] b.c.v.scraper.ProgramathorScraper - Programathor - Total de vagas encontradas: 0
2026-09-17 14:08:26 [INFO ] b.com.vagas.scheduler.AgendadorBusca - Programathor: status=ERRO_CONEXAO | ERRO DE CONEXÃO em https://programathor.com.br/jobs-java (HttpTimeoutException: request timed out) | vagas=0
2026-09-17 14:08:26 [INFO ] b.com.vagas.scheduler.AgendadorBusca - Executando scraper: Catho
2026-09-17 14:08:26 [INFO ] br.com.vagas.scraper.CathoScraper - Iniciando busca no Catho...
2026-09-17 14:08:26 [INFO ] br.com.vagas.scraper.CathoScraper - Catho - Buscando: 'desenvolvedor-java'
2026-09-17 14:08:29 [INFO ] br.com.vagas.scraper.CathoScraper - Catho - Encontradas 0 vagas para 'desenvolvedor-java'
2026-09-17 14:08:29 [INFO ] br.com.vagas.scraper.CathoScraper - Catho - Buscando: 'java-spring-boot'
2026-09-17 14:08:31 [INFO ] br.com.vagas.scraper.CathoScraper - Catho - Encontradas 0 vagas para 'java-spring-boot'
2026-09-17 14:08:31 [INFO ] br.com.vagas.scraper.CathoScraper - Catho - Buscando: 'desenvolvedor-java-pleno'
2026-09-17 14:08:34 [INFO ] br.com.vagas.scraper.CathoScraper - Catho - Encontradas 0 vagas para 'desenvolvedor-java-pleno'
2026-09-17 14:08:34 [INFO ] br.com.vagas.scraper.CathoScraper - Catho - Buscando: 'desenvolvedor-java-senior'
2026-09-17 14:08:37 [INFO ] br.com.vagas.scraper.CathoScraper - Catho - Encontradas 0 vagas para 'desenvolvedor-java-senior'
2026-09-17 14:08:37 [INFO ] br.com.vagas.scraper.CathoScraper - Catho - Total de vagas encontradas: 0
2026-09-17 14:08:37 [INFO ] b.com.vagas.scheduler.AgendadorBusca - Catho: status=SEM_VAGAS | HTTP OK, página processada, 0 vagas encontradas | vagas=0
2026-09-17 14:08:37 [INFO ] b.com.vagas.scheduler.AgendadorBusca - Executando scraper: InfoJobs
2026-09-17 14:08:37 [INFO ] b.com.vagas.scraper.InfoJobsScraper - Iniciando busca no InfoJobs Brasil...
2026-09-17 14:08:37 [INFO ] b.com.vagas.scraper.InfoJobsScraper - InfoJobs - Buscando home office: 'desenvolvedor java'
2026-09-17 14:08:40 [INFO ] b.com.vagas.scraper.InfoJobsScraper - InfoJobs - Encontradas 0 vagas home office para 'desenvolvedor java'
2026-09-17 14:08:40 [INFO ] b.com.vagas.scraper.InfoJobsScraper - InfoJobs - Buscando home office: 'java spring boot'
2026-09-17 14:08:42 [INFO ] b.com.vagas.scraper.InfoJobsScraper - InfoJobs - Encontradas 0 vagas home office para 'java spring boot'
2026-09-17 14:08:42 [INFO ] b.com.vagas.scraper.InfoJobsScraper - InfoJobs - Buscando home office: 'desenvolvedor java pleno'
2026-09-17 14:08:44 [INFO ] b.com.vagas.scraper.InfoJobsScraper - InfoJobs - Encontradas 0 vagas home office para 'desenvolvedor java pleno'
2026-09-17 14:08:44 [INFO ] b.com.vagas.scraper.InfoJobsScraper - InfoJobs - Buscando home office: 'desenvolvedor java senior'
2026-09-17 14:08:47 [INFO ] b.com.vagas.scraper.InfoJobsScraper - InfoJobs - Encontradas 0 vagas home office para 'desenvolvedor java senior'
2026-09-17 14:08:47 [INFO ] b.com.vagas.scraper.InfoJobsScraper - InfoJobs - Total de vagas encontradas: 0
2026-09-17 14:08:47 [INFO ] b.com.vagas.scheduler.AgendadorBusca - InfoJobs: status=SEM_VAGAS | HTTP OK, página processada, 0 vagas encontradas | vagas=0
2026-09-17 14:08:47 [INFO ] b.com.vagas.scheduler.AgendadorBusca - Executando scraper: Indeed
2026-09-17 14:08:47 [INFO ] br.com.vagas.scraper.IndeedScraper - Iniciando busca no Indeed Brasil...
2026-09-17 14:08:47 [INFO ] br.com.vagas.scraper.IndeedScraper - Indeed - Buscando remotas no Brasil: 'desenvolvedor Java senior'
2026-09-17 14:08:49 [ERROR] br.com.vagas.scraper.ScraperBase - Indeed - página 1: BLOQUEIO ANTI-BOT em https://br.indeed.com/jobs?q=desenvolvedor+Java+senior&l=Brasil&fromage=14&remotejob=1 (Cloudflare/CAPTCHA, HTTP 403)
2026-09-17 14:08:49 [INFO ] br.com.vagas.scraper.IndeedScraper - Indeed - Encontradas 0 vagas remotas para 'desenvolvedor Java senior'
2026-09-17 14:08:49 [INFO ] br.com.vagas.scraper.IndeedScraper - Indeed - Total de vagas encontradas: 0
2026-09-17 14:08:49 [INFO ] b.com.vagas.scheduler.AgendadorBusca - Indeed: status=BLOQUEIO | BLOQUEIO ANTI-BOT em https://br.indeed.com/jobs?q=desenvolvedor+Java+senior&l=Brasil&fromage=14&remotejob=1 (Cloudflare/CAPTCHA, HTTP 403) | vagas=0
2026-09-17 14:08:49 [INFO ] b.com.vagas.scheduler.AgendadorBusca - Total de vagas coletadas (com possíveis duplicatas): 52
2026-09-17 14:08:49 [INFO ] b.c.v.report.GeradorRelatorioHTML - Relatório gerado: C:\dev\projeto\vagas-robot\relatorios\vagas-java-2026-09-17_14-08.html
2026-09-17 14:08:49 [INFO ] b.com.vagas.scheduler.AgendadorBusca - ========================================
2026-09-17 14:08:49 [INFO ] b.com.vagas.scheduler.AgendadorBusca - Relatório gerado com sucesso!
2026-09-17 14:08:49 [INFO ] b.com.vagas.scheduler.AgendadorBusca - Arquivo: C:\dev\projeto\vagas-robot\relatorios\vagas-java-2026-09-17_14-08.html
2026-09-17 14:08:49 [INFO ] b.com.vagas.scheduler.AgendadorBusca - Total de vagas no relatório: 52
2026-09-17 14:08:49 [INFO ] b.com.vagas.scheduler.AgendadorBusca -   LinkedIn → SUCESSO (41 vagas)
2026-09-17 14:08:49 [INFO ] b.com.vagas.scheduler.AgendadorBusca -   Gupy → SUCESSO (9 vagas)
2026-09-17 14:08:49 [INFO ] b.com.vagas.scheduler.AgendadorBusca -   Vagas.com → SUCESSO (2 vagas)
2026-09-17 14:08:49 [INFO ] b.com.vagas.scheduler.AgendadorBusca -   Programathor → ERRO_CONEXAO (ERRO DE CONEXÃO em https://programathor.com.br/jobs-java (HttpTimeoutException: request timed out))
2026-09-17 14:08:49 [INFO ] b.com.vagas.scheduler.AgendadorBusca -   Catho → SEM_VAGAS (HTTP OK, página processada, 0 vagas encontradas)
2026-09-17 14:08:49 [INFO ] b.com.vagas.scheduler.AgendadorBusca -   InfoJobs → SEM_VAGAS (HTTP OK, página processada, 0 vagas encontradas)
2026-09-17 14:08:49 [INFO ] b.com.vagas.scheduler.AgendadorBusca -   Indeed → BLOQUEIO (BLOQUEIO ANTI-BOT em https://br.indeed.com/jobs?q=desenvolvedor+Java+senior&l=Brasil&fromage=14&remotejob=1 (Cloudflare/CAPTCHA, HTTP 403))
2026-09-17 14:08:49 [INFO ] b.com.vagas.scheduler.AgendadorBusca - ========================================
2026-09-17 14:08:49 [INFO ] b.com.vagas.scheduler.AgendadorBusca - Relatório aberto no navegador padrão.
