2026-09-21 13:48:15 [INFO ] b.com.vagas.scheduler.AgendadorBusca - Execução manual iniciada pelo usuário
2026-09-21 13:48:15 [INFO ] b.com.vagas.scheduler.AgendadorBusca - ========================================
2026-09-21 13:48:15 [INFO ] b.com.vagas.scheduler.AgendadorBusca - Iniciando busca de vagas - 21/09/2026 13:48:15
2026-09-21 13:48:15 [INFO ] b.com.vagas.scheduler.AgendadorBusca - ========================================
2026-09-21 13:48:15 [INFO ] b.com.vagas.scheduler.AgendadorBusca - Executando scraper: LinkedIn
2026-09-21 13:48:15 [INFO ] b.com.vagas.scraper.LinkedInScraper - Iniciando busca no LinkedIn...
2026-09-21 13:48:15 [INFO ] b.com.vagas.scraper.LinkedInScraper - LinkedIn - Buscando remotas no Brasil: 'Java developer senior'
2026-09-21 13:48:24 [INFO ] b.com.vagas.scraper.LinkedInScraper - LinkedIn - Encontradas 14 vagas remotas para 'Java developer senior'
2026-09-21 13:48:24 [INFO ] b.com.vagas.scraper.LinkedInScraper - LinkedIn - Buscando remotas no Brasil: 'Java Spring Boot developer'
2026-09-21 13:48:32 [INFO ] b.com.vagas.scraper.LinkedInScraper - LinkedIn - Encontradas 12 vagas remotas para 'Java Spring Boot developer'
2026-09-21 13:48:32 [INFO ] b.com.vagas.scraper.LinkedInScraper - LinkedIn - Buscando remotas no Brasil: 'JSF'
2026-09-21 13:48:34 [INFO ] b.com.vagas.scraper.LinkedInScraper - LinkedIn - Encontradas 0 vagas remotas para 'JSF'
2026-09-21 13:48:34 [INFO ] b.com.vagas.scraper.LinkedInScraper - LinkedIn - Buscando remotas no Brasil: 'PrimeFaces'
2026-09-21 13:48:44 [INFO ] b.com.vagas.scraper.LinkedInScraper - LinkedIn - Encontradas 3 vagas remotas para 'PrimeFaces'
2026-09-21 13:48:44 [INFO ] b.com.vagas.scraper.LinkedInScraper - LinkedIn - Buscando remotas no Brasil: 'Legado'
2026-09-21 13:48:47 [INFO ] b.com.vagas.scraper.LinkedInScraper - LinkedIn - Encontradas 0 vagas remotas para 'Legado'
2026-09-21 13:48:47 [INFO ] b.com.vagas.scraper.LinkedInScraper - LinkedIn - Buscando remotas no Brasil: 'Pl'
2026-09-21 13:48:49 [INFO ] b.com.vagas.scraper.LinkedInScraper - LinkedIn - Encontradas 0 vagas remotas para 'Pl'
2026-09-21 13:48:49 [INFO ] b.com.vagas.scraper.LinkedInScraper - LinkedIn - Buscando remotas no Brasil: 'SR'
2026-09-21 13:48:52 [INFO ] b.com.vagas.scraper.LinkedInScraper - LinkedIn - Encontradas 0 vagas remotas para 'SR'
2026-09-21 13:48:52 [INFO ] b.com.vagas.scraper.LinkedInScraper - LinkedIn - Buscando remotas no Brasil: 'desenvolvedor Java pleno senior'
2026-09-21 13:49:00 [INFO ] b.com.vagas.scraper.LinkedInScraper - LinkedIn - Encontradas 16 vagas remotas para 'desenvolvedor Java pleno senior'
2026-09-21 13:49:00 [INFO ] b.com.vagas.scraper.LinkedInScraper - LinkedIn - Total de vagas encontradas: 45
2026-09-21 13:49:00 [INFO ] b.com.vagas.scheduler.AgendadorBusca - LinkedIn: status=SUCESSO | 45 vagas | vagas=45
2026-09-21 13:49:00 [INFO ] b.com.vagas.scheduler.AgendadorBusca - Executando scraper: Gupy
2026-09-21 13:49:00 [INFO ] br.com.vagas.scraper.GupyScraper - Iniciando busca na Gupy...
2026-09-21 13:49:00 [INFO ] br.com.vagas.scraper.GupyScraper - Gupy - Buscando: 'java'
2026-09-21 13:49:08 [INFO ] br.com.vagas.scraper.GupyScraper - Gupy - Encontradas 13 vagas para 'java'
2026-09-21 13:49:08 [INFO ] br.com.vagas.scraper.GupyScraper - Gupy - Buscando: 'spring boot'
2026-09-21 13:49:10 [INFO ] br.com.vagas.scraper.GupyScraper - Gupy - Encontradas 0 vagas para 'spring boot'
2026-09-21 13:49:10 [INFO ] br.com.vagas.scraper.GupyScraper - Gupy - Buscando: 'jsf'
2026-09-21 13:49:12 [INFO ] br.com.vagas.scraper.GupyScraper - Gupy - Encontradas 0 vagas para 'jsf'
2026-09-21 13:49:12 [INFO ] br.com.vagas.scraper.GupyScraper - Gupy - Total de vagas encontradas: 13
2026-09-21 13:49:12 [INFO ] b.com.vagas.scheduler.AgendadorBusca - Gupy: status=SUCESSO | 13 vagas | vagas=13
2026-09-21 13:49:12 [INFO ] b.com.vagas.scheduler.AgendadorBusca - Executando scraper: Vagas.com
2026-09-21 13:49:12 [INFO ] b.com.vagas.scraper.VagasComScraper - Iniciando busca no Vagas.com.br...
2026-09-21 13:49:12 [INFO ] b.com.vagas.scraper.VagasComScraper - Vagas.com - Buscando: 'vagas-de-desenvolvedor-java'
2026-09-21 13:49:16 [INFO ] b.com.vagas.scraper.VagasComScraper - Vagas.com - Encontradas 1 vagas para 'vagas-de-desenvolvedor-java'
2026-09-21 13:49:16 [INFO ] b.com.vagas.scraper.VagasComScraper - Vagas.com - Buscando: 'vagas-de-java-spring-boot'
2026-09-21 13:49:19 [INFO ] b.com.vagas.scraper.VagasComScraper - Vagas.com - Encontradas 0 vagas para 'vagas-de-java-spring-boot'
2026-09-21 13:49:19 [INFO ] b.com.vagas.scraper.VagasComScraper - Vagas.com - Buscando: 'vagas-de-desenvolvedor-java-pleno'
2026-09-21 13:49:25 [INFO ] b.com.vagas.scraper.VagasComScraper - Vagas.com - Encontradas 1 vagas para 'vagas-de-desenvolvedor-java-pleno'
2026-09-21 13:49:25 [INFO ] b.com.vagas.scraper.VagasComScraper - Vagas.com - Buscando: 'vagas-de-desenvolvedor-java-senior'
2026-09-21 13:49:28 [INFO ] b.com.vagas.scraper.VagasComScraper - Vagas.com - Encontradas 0 vagas para 'vagas-de-desenvolvedor-java-senior'
2026-09-21 13:49:28 [INFO ] b.com.vagas.scraper.VagasComScraper - Vagas.com - Total de vagas encontradas: 2
2026-09-21 13:49:28 [INFO ] b.com.vagas.scheduler.AgendadorBusca - Vagas.com: status=SUCESSO | 2 vagas | vagas=2
2026-09-21 13:49:28 [INFO ] b.com.vagas.scheduler.AgendadorBusca - Executando scraper: Programathor
2026-09-21 13:49:28 [INFO ] b.c.v.scraper.ProgramathorScraper - Iniciando busca no Programathor...
2026-09-21 13:49:34 [INFO ] b.c.v.scraper.ProgramathorScraper - Programathor - Total de vagas encontradas: 1
2026-09-21 13:49:34 [INFO ] b.com.vagas.scheduler.AgendadorBusca - Programathor: status=SUCESSO | 1 vagas | vagas=1
2026-09-21 13:49:34 [INFO ] b.com.vagas.scheduler.AgendadorBusca - Executando scraper: Catho
2026-09-21 13:49:34 [INFO ] br.com.vagas.scraper.CathoScraper - Iniciando busca no Catho...
2026-09-21 13:49:34 [INFO ] br.com.vagas.scraper.CathoScraper - Catho - Buscando: 'desenvolvedor-java'
2026-09-21 13:49:36 [INFO ] br.com.vagas.scraper.CathoScraper - Catho - Encontradas 0 vagas para 'desenvolvedor-java'
2026-09-21 13:49:36 [INFO ] br.com.vagas.scraper.CathoScraper - Catho - Buscando: 'java-spring-boot'
2026-09-21 13:49:40 [INFO ] br.com.vagas.scraper.CathoScraper - Catho - Encontradas 0 vagas para 'java-spring-boot'
2026-09-21 13:49:40 [INFO ] br.com.vagas.scraper.CathoScraper - Catho - Buscando: 'desenvolvedor-java-pleno'
2026-09-21 13:49:43 [INFO ] br.com.vagas.scraper.CathoScraper - Catho - Encontradas 0 vagas para 'desenvolvedor-java-pleno'
2026-09-21 13:49:43 [INFO ] br.com.vagas.scraper.CathoScraper - Catho - Buscando: 'desenvolvedor-java-senior'
2026-09-21 13:49:45 [INFO ] br.com.vagas.scraper.CathoScraper - Catho - Encontradas 0 vagas para 'desenvolvedor-java-senior'
2026-09-21 13:49:45 [INFO ] br.com.vagas.scraper.CathoScraper - Catho - Total de vagas encontradas: 0
2026-09-21 13:49:45 [INFO ] b.com.vagas.scheduler.AgendadorBusca - Catho: status=SEM_VAGAS | HTTP OK, página processada, 0 vagas encontradas | vagas=0
2026-09-21 13:49:45 [INFO ] b.com.vagas.scheduler.AgendadorBusca - Executando scraper: InfoJobs
2026-09-21 13:49:45 [INFO ] b.com.vagas.scraper.InfoJobsScraper - Iniciando busca no InfoJobs Brasil...
2026-09-21 13:49:45 [INFO ] b.com.vagas.scraper.InfoJobsScraper - InfoJobs - Buscando home office: 'desenvolvedor java'
2026-09-21 13:49:48 [INFO ] b.com.vagas.scraper.InfoJobsScraper - InfoJobs - Encontradas 0 vagas home office para 'desenvolvedor java'
2026-09-21 13:49:48 [INFO ] b.com.vagas.scraper.InfoJobsScraper - InfoJobs - Buscando home office: 'java spring boot'
2026-09-21 13:49:51 [INFO ] b.com.vagas.scraper.InfoJobsScraper - InfoJobs - Encontradas 0 vagas home office para 'java spring boot'
2026-09-21 13:49:51 [INFO ] b.com.vagas.scraper.InfoJobsScraper - InfoJobs - Buscando home office: 'desenvolvedor java pleno'
2026-09-21 13:49:53 [INFO ] b.com.vagas.scraper.InfoJobsScraper - InfoJobs - Encontradas 0 vagas home office para 'desenvolvedor java pleno'
2026-09-21 13:49:53 [INFO ] b.com.vagas.scraper.InfoJobsScraper - InfoJobs - Buscando home office: 'desenvolvedor java senior'
2026-09-21 13:49:55 [INFO ] b.com.vagas.scraper.InfoJobsScraper - InfoJobs - Encontradas 0 vagas home office para 'desenvolvedor java senior'
2026-09-21 13:49:55 [INFO ] b.com.vagas.scraper.InfoJobsScraper - InfoJobs - Total de vagas encontradas: 0
2026-09-21 13:49:55 [INFO ] b.com.vagas.scheduler.AgendadorBusca - InfoJobs: status=SEM_VAGAS | HTTP OK, página processada, 0 vagas encontradas | vagas=0
2026-09-21 13:49:55 [INFO ] b.com.vagas.scheduler.AgendadorBusca - Executando scraper: Indeed
2026-09-21 13:49:55 [INFO ] br.com.vagas.scraper.IndeedScraper - Iniciando busca no Indeed Brasil...
2026-09-21 13:49:55 [INFO ] br.com.vagas.scraper.IndeedScraper - Indeed - Buscando remotas no Brasil: 'desenvolvedor Java senior'
2026-09-21 13:49:57 [ERROR] br.com.vagas.scraper.ScraperBase - Indeed - página 1: BLOQUEIO ANTI-BOT em https://br.indeed.com/jobs?q=desenvolvedor+Java+senior&l=Brasil&fromage=14&remotejob=1 (Cloudflare/CAPTCHA, HTTP 403)
2026-09-21 13:49:57 [INFO ] br.com.vagas.scraper.IndeedScraper - Indeed - Encontradas 0 vagas remotas para 'desenvolvedor Java senior'
2026-09-21 13:49:57 [INFO ] br.com.vagas.scraper.IndeedScraper - Indeed - Total de vagas encontradas: 0
2026-09-21 13:49:57 [INFO ] b.com.vagas.scheduler.AgendadorBusca - Indeed: status=BLOQUEIO | BLOQUEIO ANTI-BOT em https://br.indeed.com/jobs?q=desenvolvedor+Java+senior&l=Brasil&fromage=14&remotejob=1 (Cloudflare/CAPTCHA, HTTP 403) | vagas=0
2026-09-21 13:49:57 [INFO ] b.com.vagas.scheduler.AgendadorBusca - Total de vagas coletadas (com possíveis duplicatas): 61
2026-09-21 13:49:57 [INFO ] b.c.v.report.GeradorRelatorioHTML - Relatório gerado: C:\dev\projeto\vagas-robot\relatorios\vagas-java-2026-09-21_13-49.html
2026-09-21 13:49:57 [INFO ] b.com.vagas.scheduler.AgendadorBusca - ========================================
2026-09-21 13:49:57 [INFO ] b.com.vagas.scheduler.AgendadorBusca - Relatório gerado com sucesso!
2026-09-21 13:49:57 [INFO ] b.com.vagas.scheduler.AgendadorBusca - Arquivo: C:\dev\projeto\vagas-robot\relatorios\vagas-java-2026-09-21_13-49.html
2026-09-21 13:49:57 [INFO ] b.com.vagas.scheduler.AgendadorBusca - Total de vagas no relatório: 61
2026-09-21 13:49:57 [INFO ] b.com.vagas.scheduler.AgendadorBusca -   LinkedIn → SUCESSO (45 vagas)
2026-09-21 13:49:57 [INFO ] b.com.vagas.scheduler.AgendadorBusca -   Gupy → SUCESSO (13 vagas)
2026-09-21 13:49:57 [INFO ] b.com.vagas.scheduler.AgendadorBusca -   Vagas.com → SUCESSO (2 vagas)
2026-09-21 13:49:57 [INFO ] b.com.vagas.scheduler.AgendadorBusca -   Programathor → SUCESSO (1 vagas)
2026-09-21 13:49:57 [INFO ] b.com.vagas.scheduler.AgendadorBusca -   Catho → SEM_VAGAS (HTTP OK, página processada, 0 vagas encontradas)
2026-09-21 13:49:57 [INFO ] b.com.vagas.scheduler.AgendadorBusca -   InfoJobs → SEM_VAGAS (HTTP OK, página processada, 0 vagas encontradas)
2026-09-21 13:49:57 [INFO ] b.com.vagas.scheduler.AgendadorBusca -   Indeed → BLOQUEIO (BLOQUEIO ANTI-BOT em https://br.indeed.com/jobs?q=desenvolvedor+Java+senior&l=Brasil&fromage=14&remotejob=1 (Cloudflare/CAPTCHA, HTTP 403))
2026-09-21 13:49:57 [INFO ] b.com.vagas.scheduler.AgendadorBusca - ========================================
2026-09-21 13:49:57 [INFO ] b.com.vagas.scheduler.AgendadorBusca - Relatório aberto no navegador padrão.
