2026-06-17 09:14:42 [INFO ] b.com.vagas.scheduler.AgendadorBusca - Execução manual iniciada pelo usuário
2026-06-17 09:14:42 [INFO ] b.com.vagas.scheduler.AgendadorBusca - ========================================
2026-06-17 09:14:42 [INFO ] b.com.vagas.scheduler.AgendadorBusca - Iniciando busca de vagas - 17/06/2026 09:14:42
2026-06-17 09:14:42 [INFO ] b.com.vagas.scheduler.AgendadorBusca - ========================================
2026-06-17 09:14:42 [INFO ] b.com.vagas.scheduler.AgendadorBusca - Executando scraper: LinkedIn
2026-06-17 09:14:42 [INFO ] b.com.vagas.scraper.LinkedInScraper - Iniciando busca no LinkedIn...
2026-06-17 09:14:42 [INFO ] b.com.vagas.scraper.LinkedInScraper - LinkedIn - Buscando remotas: 'Java developer senior'
2026-06-17 09:14:51 [INFO ] b.com.vagas.scraper.LinkedInScraper - LinkedIn - Encontradas 5 vagas remotas para 'Java developer senior'
2026-06-17 09:14:51 [INFO ] b.com.vagas.scraper.LinkedInScraper - LinkedIn - Buscando presenciais em Salvador: 'Java developer senior'
2026-06-17 09:14:55 [INFO ] b.com.vagas.scraper.LinkedInScraper - LinkedIn - Encontradas 1 vagas em Salvador para 'Java developer senior'
2026-06-17 09:14:55 [INFO ] b.com.vagas.scraper.LinkedInScraper - LinkedIn - Buscando remotas: 'Java Spring Boot developer'
2026-06-17 09:15:00 [INFO ] b.com.vagas.scraper.LinkedInScraper - LinkedIn - Encontradas 5 vagas remotas para 'Java Spring Boot developer'
2026-06-17 09:15:00 [INFO ] b.com.vagas.scraper.LinkedInScraper - LinkedIn - Buscando presenciais em Salvador: 'Java Spring Boot developer'
2026-06-17 09:15:02 [INFO ] b.com.vagas.scraper.LinkedInScraper - LinkedIn - Encontradas 0 vagas em Salvador para 'Java Spring Boot developer'
2026-06-17 09:15:02 [INFO ] b.com.vagas.scraper.LinkedInScraper - LinkedIn - Buscando remotas: 'JSF'
2026-06-17 09:15:10 [INFO ] b.com.vagas.scraper.LinkedInScraper - LinkedIn - Encontradas 6 vagas remotas para 'JSF'
2026-06-17 09:15:10 [INFO ] b.com.vagas.scraper.LinkedInScraper - LinkedIn - Buscando presenciais em Salvador: 'JSF'
2026-06-17 09:15:15 [INFO ] b.com.vagas.scraper.LinkedInScraper - LinkedIn - Encontradas 1 vagas em Salvador para 'JSF'
2026-06-17 09:15:15 [INFO ] b.com.vagas.scraper.LinkedInScraper - LinkedIn - Buscando remotas: 'PrimeFaces'
2026-06-17 09:15:17 [INFO ] b.com.vagas.scraper.LinkedInScraper - LinkedIn - Encontradas 0 vagas remotas para 'PrimeFaces'
2026-06-17 09:15:17 [INFO ] b.com.vagas.scraper.LinkedInScraper - LinkedIn - Buscando presenciais em Salvador: 'PrimeFaces'
2026-06-17 09:15:20 [INFO ] b.com.vagas.scraper.LinkedInScraper - LinkedIn - Encontradas 0 vagas em Salvador para 'PrimeFaces'
2026-06-17 09:15:20 [INFO ] b.com.vagas.scraper.LinkedInScraper - LinkedIn - Buscando remotas: 'Legado'
2026-06-17 09:15:22 [INFO ] b.com.vagas.scraper.LinkedInScraper - LinkedIn - Encontradas 0 vagas remotas para 'Legado'
2026-06-17 09:15:22 [INFO ] b.com.vagas.scraper.LinkedInScraper - LinkedIn - Buscando presenciais em Salvador: 'Legado'
2026-06-17 09:15:24 [INFO ] b.com.vagas.scraper.LinkedInScraper - LinkedIn - Encontradas 0 vagas em Salvador para 'Legado'
2026-06-17 09:15:24 [INFO ] b.com.vagas.scraper.LinkedInScraper - LinkedIn - Buscando remotas: 'Pl'
2026-06-17 09:15:27 [INFO ] b.com.vagas.scraper.LinkedInScraper - LinkedIn - Encontradas 0 vagas remotas para 'Pl'
2026-06-17 09:15:27 [INFO ] b.com.vagas.scraper.LinkedInScraper - LinkedIn - Buscando presenciais em Salvador: 'Pl'
2026-06-17 09:15:29 [INFO ] b.com.vagas.scraper.LinkedInScraper - LinkedIn - Encontradas 0 vagas em Salvador para 'Pl'
2026-06-17 09:15:29 [INFO ] b.com.vagas.scraper.LinkedInScraper - LinkedIn - Buscando remotas: 'SR'
2026-06-17 09:15:33 [INFO ] b.com.vagas.scraper.LinkedInScraper - LinkedIn - Encontradas 0 vagas remotas para 'SR'
2026-06-17 09:15:33 [INFO ] b.com.vagas.scraper.LinkedInScraper - LinkedIn - Buscando presenciais em Salvador: 'SR'
2026-06-17 09:15:35 [INFO ] b.com.vagas.scraper.LinkedInScraper - LinkedIn - Encontradas 0 vagas em Salvador para 'SR'
2026-06-17 09:15:35 [INFO ] b.com.vagas.scraper.LinkedInScraper - LinkedIn - Buscando remotas: 'desenvolvedor Java pleno senior'
2026-06-17 09:15:38 [INFO ] b.com.vagas.scraper.LinkedInScraper - LinkedIn - Encontradas 0 vagas remotas para 'desenvolvedor Java pleno senior'
2026-06-17 09:15:38 [INFO ] b.com.vagas.scraper.LinkedInScraper - LinkedIn - Buscando presenciais em Salvador: 'desenvolvedor Java pleno senior'
2026-06-17 09:15:43 [INFO ] b.com.vagas.scraper.LinkedInScraper - LinkedIn - Encontradas 1 vagas em Salvador para 'desenvolvedor Java pleno senior'
2026-06-17 09:15:43 [INFO ] b.com.vagas.scraper.LinkedInScraper - LinkedIn - Total de vagas encontradas: 19
2026-06-17 09:15:43 [INFO ] b.com.vagas.scheduler.AgendadorBusca - LinkedIn: 19 vagas encontradas
2026-06-17 09:15:43 [INFO ] b.com.vagas.scheduler.AgendadorBusca - Executando scraper: Indeed
2026-06-17 09:15:43 [INFO ] br.com.vagas.scraper.IndeedScraper - Iniciando busca no Indeed Brasil...
2026-06-17 09:15:43 [INFO ] br.com.vagas.scraper.IndeedScraper - Indeed - Buscando remotas: 'desenvolvedor Java senior'
2026-06-17 09:15:45 [INFO ] br.com.vagas.scraper.IndeedScraper - Indeed - Encontradas 0 vagas remotas para 'desenvolvedor Java senior'
2026-06-17 09:15:45 [INFO ] br.com.vagas.scraper.IndeedScraper - Indeed - Buscando em Salvador: 'desenvolvedor Java senior'
2026-06-17 09:15:48 [INFO ] br.com.vagas.scraper.IndeedScraper - Indeed - Encontradas 0 vagas em Salvador para 'desenvolvedor Java senior'
2026-06-17 09:15:48 [INFO ] br.com.vagas.scraper.IndeedScraper - Indeed - Buscando remotas: 'Java Spring Boot'
2026-06-17 09:15:50 [INFO ] br.com.vagas.scraper.IndeedScraper - Indeed - Encontradas 0 vagas remotas para 'Java Spring Boot'
2026-06-17 09:15:50 [INFO ] br.com.vagas.scraper.IndeedScraper - Indeed - Buscando em Salvador: 'Java Spring Boot'
2026-06-17 09:15:52 [INFO ] br.com.vagas.scraper.IndeedScraper - Indeed - Encontradas 0 vagas em Salvador para 'Java Spring Boot'
2026-06-17 09:15:52 [INFO ] br.com.vagas.scraper.IndeedScraper - Indeed - Buscando remotas: 'Java developer pleno'
2026-06-17 09:15:54 [INFO ] br.com.vagas.scraper.IndeedScraper - Indeed - Encontradas 0 vagas remotas para 'Java developer pleno'
2026-06-17 09:15:54 [INFO ] br.com.vagas.scraper.IndeedScraper - Indeed - Buscando em Salvador: 'Java developer pleno'
2026-06-17 09:15:56 [INFO ] br.com.vagas.scraper.IndeedScraper - Indeed - Encontradas 0 vagas em Salvador para 'Java developer pleno'
2026-06-17 09:15:56 [INFO ] br.com.vagas.scraper.IndeedScraper - Indeed - Total de vagas encontradas: 0
2026-06-17 09:15:56 [INFO ] b.com.vagas.scheduler.AgendadorBusca - Indeed: 0 vagas encontradas
2026-06-17 09:15:56 [INFO ] b.com.vagas.scheduler.AgendadorBusca - Executando scraper: InfoJobs
2026-06-17 09:15:56 [INFO ] b.com.vagas.scraper.InfoJobsScraper - Iniciando busca no InfoJobs Brasil...
2026-06-17 09:15:56 [INFO ] b.com.vagas.scraper.InfoJobsScraper - InfoJobs - Buscando: 'desenvolvedor Java senior'
2026-06-17 09:15:59 [INFO ] b.com.vagas.scraper.InfoJobsScraper - InfoJobs - Encontradas 0 vagas para 'desenvolvedor Java senior'
2026-06-17 09:15:59 [INFO ] b.com.vagas.scraper.InfoJobsScraper - InfoJobs - Buscando em Salvador: 'desenvolvedor Java senior'
2026-06-17 09:16:02 [INFO ] b.com.vagas.scraper.InfoJobsScraper - InfoJobs - Encontradas 0 vagas em Salvador para 'desenvolvedor Java senior'
2026-06-17 09:16:02 [INFO ] b.com.vagas.scraper.InfoJobsScraper - InfoJobs - Buscando: 'Java Spring Boot'
2026-06-17 09:16:04 [INFO ] b.com.vagas.scraper.InfoJobsScraper - InfoJobs - Encontradas 0 vagas para 'Java Spring Boot'
2026-06-17 09:16:04 [INFO ] b.com.vagas.scraper.InfoJobsScraper - InfoJobs - Buscando em Salvador: 'Java Spring Boot'
2026-06-17 09:16:07 [INFO ] b.com.vagas.scraper.InfoJobsScraper - InfoJobs - Encontradas 0 vagas em Salvador para 'Java Spring Boot'
2026-06-17 09:16:07 [INFO ] b.com.vagas.scraper.InfoJobsScraper - InfoJobs - Total de vagas encontradas: 0
2026-06-17 09:16:07 [INFO ] b.com.vagas.scheduler.AgendadorBusca - InfoJobs: 0 vagas encontradas
2026-06-17 09:16:07 [INFO ] b.com.vagas.scheduler.AgendadorBusca - Executando scraper: Catho
2026-06-17 09:16:07 [INFO ] br.com.vagas.scraper.CathoScraper - Iniciando busca no Catho...
2026-06-17 09:16:07 [INFO ] br.com.vagas.scraper.CathoScraper - Catho - Buscando: 'desenvolvedor-java-senior'
2026-06-17 09:16:09 [INFO ] br.com.vagas.scraper.CathoScraper - Catho - Encontradas 0 vagas para 'desenvolvedor-java-senior'
2026-06-17 09:16:09 [INFO ] br.com.vagas.scraper.CathoScraper - Catho - Buscando: 'java-spring-boot'
2026-06-17 09:16:11 [INFO ] br.com.vagas.scraper.CathoScraper - Catho - Encontradas 0 vagas para 'java-spring-boot'
2026-06-17 09:16:11 [INFO ] br.com.vagas.scraper.CathoScraper - Catho - Total de vagas encontradas: 0
2026-06-17 09:16:11 [INFO ] b.com.vagas.scheduler.AgendadorBusca - Catho: 0 vagas encontradas
2026-06-17 09:16:11 [INFO ] b.com.vagas.scheduler.AgendadorBusca - Total de vagas coletadas (com possíveis duplicatas): 19
2026-06-17 09:16:11 [INFO ] b.c.v.report.GeradorRelatorioHTML - Relatório gerado: C:\dev\projeto\vagas-robot\relatorios\vagas-java-2026-06-17_09-16.html
2026-06-17 09:16:11 [INFO ] b.com.vagas.scheduler.AgendadorBusca - ========================================
2026-06-17 09:16:11 [INFO ] b.com.vagas.scheduler.AgendadorBusca - Relatório gerado com sucesso!
2026-06-17 09:16:11 [INFO ] b.com.vagas.scheduler.AgendadorBusca - Arquivo: C:\dev\projeto\vagas-robot\relatorios\vagas-java-2026-06-17_09-16.html
2026-06-17 09:16:11 [INFO ] b.com.vagas.scheduler.AgendadorBusca - Total de vagas no relatório: 19
2026-06-17 09:16:11 [INFO ] b.com.vagas.scheduler.AgendadorBusca - ========================================
2026-06-17 09:16:11 [INFO ] b.com.vagas.scheduler.AgendadorBusca - Relatório aberto no navegador padrão.
2026-06-17 15:57:25 [INFO ] b.com.vagas.scheduler.AgendadorBusca - Execução manual iniciada pelo usuário
2026-06-17 15:57:25 [INFO ] b.com.vagas.scheduler.AgendadorBusca - ========================================
2026-06-17 15:57:25 [INFO ] b.com.vagas.scheduler.AgendadorBusca - Iniciando busca de vagas - 17/06/2026 15:57:25
2026-06-17 15:57:25 [INFO ] b.com.vagas.scheduler.AgendadorBusca - ========================================
2026-06-17 15:57:25 [INFO ] b.com.vagas.scheduler.AgendadorBusca - Executando scraper: LinkedIn
2026-06-17 15:57:25 [INFO ] b.com.vagas.scraper.LinkedInScraper - Iniciando busca no LinkedIn...
2026-06-17 15:57:25 [INFO ] b.com.vagas.scraper.LinkedInScraper - LinkedIn - Buscando remotas: 'Java developer senior'
2026-06-17 15:57:29 [WARN ] b.com.vagas.scraper.LinkedInScraper - LinkedIn - Erro ao buscar página 1: PKIX path building failed: sun.security.provider.certpath.SunCertPathBuilderException: unable to find valid certification path to requested target
2026-06-17 15:57:29 [INFO ] b.com.vagas.scraper.LinkedInScraper - LinkedIn - Encontradas 0 vagas remotas para 'Java developer senior'
2026-06-17 15:57:29 [INFO ] b.com.vagas.scraper.LinkedInScraper - LinkedIn - Buscando presenciais em Salvador: 'Java developer senior'
2026-06-17 15:57:31 [WARN ] b.com.vagas.scraper.LinkedInScraper - LinkedIn - Erro ao buscar página 1: PKIX path building failed: sun.security.provider.certpath.SunCertPathBuilderException: unable to find valid certification path to requested target
2026-06-17 15:57:31 [INFO ] b.com.vagas.scraper.LinkedInScraper - LinkedIn - Encontradas 0 vagas em Salvador para 'Java developer senior'
2026-06-17 15:57:31 [INFO ] b.com.vagas.scraper.LinkedInScraper - LinkedIn - Buscando remotas: 'Java Spring Boot developer'
2026-06-17 15:57:33 [WARN ] b.com.vagas.scraper.LinkedInScraper - LinkedIn - Erro ao buscar página 1: PKIX path building failed: sun.security.provider.certpath.SunCertPathBuilderException: unable to find valid certification path to requested target
2026-06-17 15:57:33 [INFO ] b.com.vagas.scraper.LinkedInScraper - LinkedIn - Encontradas 0 vagas remotas para 'Java Spring Boot developer'
2026-06-17 15:57:33 [INFO ] b.com.vagas.scraper.LinkedInScraper - LinkedIn - Buscando presenciais em Salvador: 'Java Spring Boot developer'
2026-06-17 15:57:36 [WARN ] b.com.vagas.scraper.LinkedInScraper - LinkedIn - Erro ao buscar página 1: PKIX path building failed: sun.security.provider.certpath.SunCertPathBuilderException: unable to find valid certification path to requested target
2026-06-17 15:57:36 [INFO ] b.com.vagas.scraper.LinkedInScraper - LinkedIn - Encontradas 0 vagas em Salvador para 'Java Spring Boot developer'
2026-06-17 15:57:36 [INFO ] b.com.vagas.scraper.LinkedInScraper - LinkedIn - Buscando remotas: 'JSF'
2026-06-17 15:57:38 [WARN ] b.com.vagas.scraper.LinkedInScraper - LinkedIn - Erro ao buscar página 1: PKIX path building failed: sun.security.provider.certpath.SunCertPathBuilderException: unable to find valid certification path to requested target
2026-06-17 15:57:38 [INFO ] b.com.vagas.scraper.LinkedInScraper - LinkedIn - Encontradas 0 vagas remotas para 'JSF'
2026-06-17 15:57:38 [INFO ] b.com.vagas.scraper.LinkedInScraper - LinkedIn - Buscando presenciais em Salvador: 'JSF'
2026-06-17 15:57:40 [WARN ] b.com.vagas.scraper.LinkedInScraper - LinkedIn - Erro ao buscar página 1: PKIX path building failed: sun.security.provider.certpath.SunCertPathBuilderException: unable to find valid certification path to requested target
2026-06-17 15:57:40 [INFO ] b.com.vagas.scraper.LinkedInScraper - LinkedIn - Encontradas 0 vagas em Salvador para 'JSF'
2026-06-17 15:57:40 [INFO ] b.com.vagas.scraper.LinkedInScraper - LinkedIn - Buscando remotas: 'PrimeFaces'
2026-06-17 15:57:43 [WARN ] b.com.vagas.scraper.LinkedInScraper - LinkedIn - Erro ao buscar página 1: PKIX path building failed: sun.security.provider.certpath.SunCertPathBuilderException: unable to find valid certification path to requested target
2026-06-17 15:57:43 [INFO ] b.com.vagas.scraper.LinkedInScraper - LinkedIn - Encontradas 0 vagas remotas para 'PrimeFaces'
2026-06-17 15:57:43 [INFO ] b.com.vagas.scraper.LinkedInScraper - LinkedIn - Buscando presenciais em Salvador: 'PrimeFaces'
2026-06-17 15:57:45 [WARN ] b.com.vagas.scraper.LinkedInScraper - LinkedIn - Erro ao buscar página 1: PKIX path building failed: sun.security.provider.certpath.SunCertPathBuilderException: unable to find valid certification path to requested target
2026-06-17 15:57:45 [INFO ] b.com.vagas.scraper.LinkedInScraper - LinkedIn - Encontradas 0 vagas em Salvador para 'PrimeFaces'
2026-06-17 15:57:45 [INFO ] b.com.vagas.scraper.LinkedInScraper - LinkedIn - Buscando remotas: 'Legado'
2026-06-17 15:57:47 [WARN ] b.com.vagas.scraper.LinkedInScraper - LinkedIn - Erro ao buscar página 1: PKIX path building failed: sun.security.provider.certpath.SunCertPathBuilderException: unable to find valid certification path to requested target
2026-06-17 15:57:47 [INFO ] b.com.vagas.scraper.LinkedInScraper - LinkedIn - Encontradas 0 vagas remotas para 'Legado'
2026-06-17 15:57:47 [INFO ] b.com.vagas.scraper.LinkedInScraper - LinkedIn - Buscando presenciais em Salvador: 'Legado'
2026-06-17 15:57:49 [WARN ] b.com.vagas.scraper.LinkedInScraper - LinkedIn - Erro ao buscar página 1: PKIX path building failed: sun.security.provider.certpath.SunCertPathBuilderException: unable to find valid certification path to requested target
2026-06-17 15:57:49 [INFO ] b.com.vagas.scraper.LinkedInScraper - LinkedIn - Encontradas 0 vagas em Salvador para 'Legado'
2026-06-17 15:57:49 [INFO ] b.com.vagas.scraper.LinkedInScraper - LinkedIn - Buscando remotas: 'Pl'
2026-06-17 15:57:51 [WARN ] b.com.vagas.scraper.LinkedInScraper - LinkedIn - Erro ao buscar página 1: PKIX path building failed: sun.security.provider.certpath.SunCertPathBuilderException: unable to find valid certification path to requested target
2026-06-17 15:57:51 [INFO ] b.com.vagas.scraper.LinkedInScraper - LinkedIn - Encontradas 0 vagas remotas para 'Pl'
2026-06-17 15:57:51 [INFO ] b.com.vagas.scraper.LinkedInScraper - LinkedIn - Buscando presenciais em Salvador: 'Pl'
2026-06-17 15:57:54 [INFO ] b.com.vagas.scraper.LinkedInScraper - LinkedIn - Encontradas 0 vagas em Salvador para 'Pl'
2026-06-17 15:57:54 [INFO ] b.com.vagas.scraper.LinkedInScraper - LinkedIn - Buscando remotas: 'SR'
2026-06-17 15:57:57 [INFO ] b.com.vagas.scraper.LinkedInScraper - LinkedIn - Encontradas 0 vagas remotas para 'SR'
2026-06-17 15:57:57 [INFO ] b.com.vagas.scraper.LinkedInScraper - LinkedIn - Buscando presenciais em Salvador: 'SR'
2026-06-17 15:57:59 [INFO ] b.com.vagas.scraper.LinkedInScraper - LinkedIn - Encontradas 0 vagas em Salvador para 'SR'
2026-06-17 15:57:59 [INFO ] b.com.vagas.scraper.LinkedInScraper - LinkedIn - Buscando remotas: 'desenvolvedor Java pleno senior'
2026-06-17 15:58:05 [INFO ] b.com.vagas.scraper.LinkedInScraper - LinkedIn - Encontradas 1 vagas remotas para 'desenvolvedor Java pleno senior'
2026-06-17 15:58:05 [INFO ] b.com.vagas.scraper.LinkedInScraper - LinkedIn - Buscando presenciais em Salvador: 'desenvolvedor Java pleno senior'
2026-06-17 15:58:07 [INFO ] b.com.vagas.scraper.LinkedInScraper - LinkedIn - Encontradas 0 vagas em Salvador para 'desenvolvedor Java pleno senior'
2026-06-17 15:58:07 [INFO ] b.com.vagas.scraper.LinkedInScraper - LinkedIn - Total de vagas encontradas: 1
2026-06-17 15:58:07 [INFO ] b.com.vagas.scheduler.AgendadorBusca - LinkedIn: 1 vagas encontradas
2026-06-17 15:58:07 [INFO ] b.com.vagas.scheduler.AgendadorBusca - Executando scraper: Indeed
2026-06-17 15:58:07 [INFO ] br.com.vagas.scraper.IndeedScraper - Iniciando busca no Indeed Brasil...
2026-06-17 15:58:07 [INFO ] br.com.vagas.scraper.IndeedScraper - Indeed - Buscando remotas: 'desenvolvedor Java senior'
2026-06-17 15:58:10 [WARN ] br.com.vagas.scraper.IndeedScraper - Indeed - Erro ao buscar página 1: PKIX path building failed: sun.security.provider.certpath.SunCertPathBuilderException: unable to find valid certification path to requested target
2026-06-17 15:58:10 [INFO ] br.com.vagas.scraper.IndeedScraper - Indeed - Encontradas 0 vagas remotas para 'desenvolvedor Java senior'
2026-06-17 15:58:10 [INFO ] br.com.vagas.scraper.IndeedScraper - Indeed - Buscando em Salvador: 'desenvolvedor Java senior'
2026-06-17 15:58:12 [WARN ] br.com.vagas.scraper.IndeedScraper - Indeed - Erro ao buscar página 1: PKIX path building failed: sun.security.provider.certpath.SunCertPathBuilderException: unable to find valid certification path to requested target
2026-06-17 15:58:12 [INFO ] br.com.vagas.scraper.IndeedScraper - Indeed - Encontradas 0 vagas em Salvador para 'desenvolvedor Java senior'
2026-06-17 15:58:12 [INFO ] br.com.vagas.scraper.IndeedScraper - Indeed - Buscando remotas: 'Java Spring Boot'
2026-06-17 15:58:15 [WARN ] br.com.vagas.scraper.IndeedScraper - Indeed - Erro ao buscar página 1: PKIX path building failed: sun.security.provider.certpath.SunCertPathBuilderException: unable to find valid certification path to requested target
2026-06-17 15:58:15 [INFO ] br.com.vagas.scraper.IndeedScraper - Indeed - Encontradas 0 vagas remotas para 'Java Spring Boot'
2026-06-17 15:58:15 [INFO ] br.com.vagas.scraper.IndeedScraper - Indeed - Buscando em Salvador: 'Java Spring Boot'
2026-06-17 15:58:17 [WARN ] br.com.vagas.scraper.IndeedScraper - Indeed - Erro ao buscar página 1: PKIX path building failed: sun.security.provider.certpath.SunCertPathBuilderException: unable to find valid certification path to requested target
2026-06-17 15:58:17 [INFO ] br.com.vagas.scraper.IndeedScraper - Indeed - Encontradas 0 vagas em Salvador para 'Java Spring Boot'
2026-06-17 15:58:17 [INFO ] br.com.vagas.scraper.IndeedScraper - Indeed - Buscando remotas: 'Java developer pleno'
2026-06-17 15:58:19 [WARN ] br.com.vagas.scraper.IndeedScraper - Indeed - Erro ao buscar página 1: PKIX path building failed: sun.security.provider.certpath.SunCertPathBuilderException: unable to find valid certification path to requested target
2026-06-17 15:58:19 [INFO ] br.com.vagas.scraper.IndeedScraper - Indeed - Encontradas 0 vagas remotas para 'Java developer pleno'
2026-06-17 15:58:19 [INFO ] br.com.vagas.scraper.IndeedScraper - Indeed - Buscando em Salvador: 'Java developer pleno'
2026-06-17 15:58:21 [WARN ] br.com.vagas.scraper.IndeedScraper - Indeed - Erro ao buscar página 1: PKIX path building failed: sun.security.provider.certpath.SunCertPathBuilderException: unable to find valid certification path to requested target
2026-06-17 15:58:21 [INFO ] br.com.vagas.scraper.IndeedScraper - Indeed - Encontradas 0 vagas em Salvador para 'Java developer pleno'
2026-06-17 15:58:21 [INFO ] br.com.vagas.scraper.IndeedScraper - Indeed - Total de vagas encontradas: 0
2026-06-17 15:58:21 [INFO ] b.com.vagas.scheduler.AgendadorBusca - Indeed: 0 vagas encontradas
2026-06-17 15:58:21 [INFO ] b.com.vagas.scheduler.AgendadorBusca - Executando scraper: InfoJobs
2026-06-17 15:58:21 [INFO ] b.com.vagas.scraper.InfoJobsScraper - Iniciando busca no InfoJobs Brasil...
2026-06-17 15:58:21 [INFO ] b.com.vagas.scraper.InfoJobsScraper - InfoJobs - Buscando: 'desenvolvedor Java senior'
2026-06-17 15:58:25 [WARN ] b.com.vagas.scraper.InfoJobsScraper - InfoJobs - Erro ao buscar página 1: PKIX path building failed: sun.security.provider.certpath.SunCertPathBuilderException: unable to find valid certification path to requested target
2026-06-17 15:58:25 [INFO ] b.com.vagas.scraper.InfoJobsScraper - InfoJobs - Encontradas 0 vagas para 'desenvolvedor Java senior'
2026-06-17 15:58:25 [INFO ] b.com.vagas.scraper.InfoJobsScraper - InfoJobs - Buscando em Salvador: 'desenvolvedor Java senior'
2026-06-17 15:58:27 [WARN ] b.com.vagas.scraper.InfoJobsScraper - InfoJobs - Erro ao buscar página 1: PKIX path building failed: sun.security.provider.certpath.SunCertPathBuilderException: unable to find valid certification path to requested target
2026-06-17 15:58:27 [INFO ] b.com.vagas.scraper.InfoJobsScraper - InfoJobs - Encontradas 0 vagas em Salvador para 'desenvolvedor Java senior'
2026-06-17 15:58:27 [INFO ] b.com.vagas.scraper.InfoJobsScraper - InfoJobs - Buscando: 'Java Spring Boot'
2026-06-17 15:58:30 [WARN ] b.com.vagas.scraper.InfoJobsScraper - InfoJobs - Erro ao buscar página 1: PKIX path building failed: sun.security.provider.certpath.SunCertPathBuilderException: unable to find valid certification path to requested target
2026-06-17 15:58:30 [INFO ] b.com.vagas.scraper.InfoJobsScraper - InfoJobs - Encontradas 0 vagas para 'Java Spring Boot'
2026-06-17 15:58:30 [INFO ] b.com.vagas.scraper.InfoJobsScraper - InfoJobs - Buscando em Salvador: 'Java Spring Boot'
2026-06-17 15:58:32 [WARN ] b.com.vagas.scraper.InfoJobsScraper - InfoJobs - Erro ao buscar página 1: PKIX path building failed: sun.security.provider.certpath.SunCertPathBuilderException: unable to find valid certification path to requested target
2026-06-17 15:58:32 [INFO ] b.com.vagas.scraper.InfoJobsScraper - InfoJobs - Encontradas 0 vagas em Salvador para 'Java Spring Boot'
2026-06-17 15:58:32 [INFO ] b.com.vagas.scraper.InfoJobsScraper - InfoJobs - Total de vagas encontradas: 0
2026-06-17 15:58:32 [INFO ] b.com.vagas.scheduler.AgendadorBusca - InfoJobs: 0 vagas encontradas
2026-06-17 15:58:32 [INFO ] b.com.vagas.scheduler.AgendadorBusca - Executando scraper: Catho
2026-06-17 15:58:32 [INFO ] br.com.vagas.scraper.CathoScraper - Iniciando busca no Catho...
2026-06-17 15:58:32 [INFO ] br.com.vagas.scraper.CathoScraper - Catho - Buscando: 'desenvolvedor-java-senior'
2026-06-17 15:58:35 [WARN ] br.com.vagas.scraper.CathoScraper - Catho - Erro ao buscar página 1: PKIX path building failed: sun.security.provider.certpath.SunCertPathBuilderException: unable to find valid certification path to requested target
2026-06-17 15:58:35 [INFO ] br.com.vagas.scraper.CathoScraper - Catho - Encontradas 0 vagas para 'desenvolvedor-java-senior'
2026-06-17 15:58:35 [INFO ] br.com.vagas.scraper.CathoScraper - Catho - Buscando: 'java-spring-boot'
2026-06-17 15:58:37 [WARN ] br.com.vagas.scraper.CathoScraper - Catho - Erro ao buscar página 1: PKIX path building failed: sun.security.provider.certpath.SunCertPathBuilderException: unable to find valid certification path to requested target
2026-06-17 15:58:37 [INFO ] br.com.vagas.scraper.CathoScraper - Catho - Encontradas 0 vagas para 'java-spring-boot'
2026-06-17 15:58:37 [INFO ] br.com.vagas.scraper.CathoScraper - Catho - Total de vagas encontradas: 0
2026-06-17 15:58:37 [INFO ] b.com.vagas.scheduler.AgendadorBusca - Catho: 0 vagas encontradas
2026-06-17 15:58:37 [INFO ] b.com.vagas.scheduler.AgendadorBusca - Total de vagas coletadas (com possíveis duplicatas): 1
2026-06-17 15:58:37 [INFO ] b.c.v.report.GeradorRelatorioHTML - Relatório gerado: C:\dev\projeto\vagas-robot\relatorios\vagas-java-2026-06-17_15-58.html
2026-06-17 15:58:37 [INFO ] b.com.vagas.scheduler.AgendadorBusca - ========================================
2026-06-17 15:58:37 [INFO ] b.com.vagas.scheduler.AgendadorBusca - Relatório gerado com sucesso!
2026-06-17 15:58:37 [INFO ] b.com.vagas.scheduler.AgendadorBusca - Arquivo: C:\dev\projeto\vagas-robot\relatorios\vagas-java-2026-06-17_15-58.html
2026-06-17 15:58:37 [INFO ] b.com.vagas.scheduler.AgendadorBusca - Total de vagas no relatório: 1
2026-06-17 15:58:37 [INFO ] b.com.vagas.scheduler.AgendadorBusca - ========================================
2026-06-17 15:58:38 [INFO ] b.com.vagas.scheduler.AgendadorBusca - Relatório aberto no navegador padrão.
