2026-06-16 08:47:55 [INFO ] b.com.vagas.scheduler.AgendadorBusca - Execução manual iniciada pelo usuário
2026-06-16 08:47:55 [INFO ] b.com.vagas.scheduler.AgendadorBusca - ========================================
2026-06-16 08:47:55 [INFO ] b.com.vagas.scheduler.AgendadorBusca - Iniciando busca de vagas - 16/06/2026 08:47:55
2026-06-16 08:47:55 [INFO ] b.com.vagas.scheduler.AgendadorBusca - ========================================
2026-06-16 08:47:55 [INFO ] b.com.vagas.scheduler.AgendadorBusca - Executando scraper: LinkedIn
2026-06-16 08:47:55 [INFO ] b.com.vagas.scraper.LinkedInScraper - Iniciando busca no LinkedIn...
2026-06-16 08:47:55 [INFO ] b.com.vagas.scraper.LinkedInScraper - LinkedIn - Buscando remotas: 'Java developer senior'
2026-06-16 08:47:58 [INFO ] b.com.vagas.scraper.LinkedInScraper - LinkedIn - Encontradas 0 vagas remotas para 'Java developer senior'
2026-06-16 08:47:58 [INFO ] b.com.vagas.scraper.LinkedInScraper - LinkedIn - Buscando presenciais em Salvador: 'Java developer senior'
2026-06-16 08:48:01 [INFO ] b.com.vagas.scraper.LinkedInScraper - LinkedIn - Encontradas 0 vagas em Salvador para 'Java developer senior'
2026-06-16 08:48:01 [INFO ] b.com.vagas.scraper.LinkedInScraper - LinkedIn - Buscando remotas: 'Java Spring Boot developer'
2026-06-16 08:48:06 [INFO ] b.com.vagas.scraper.LinkedInScraper - LinkedIn - Encontradas 3 vagas remotas para 'Java Spring Boot developer'
2026-06-16 08:48:06 [INFO ] b.com.vagas.scraper.LinkedInScraper - LinkedIn - Buscando presenciais em Salvador: 'Java Spring Boot developer'
2026-06-16 08:48:08 [INFO ] b.com.vagas.scraper.LinkedInScraper - LinkedIn - Encontradas 0 vagas em Salvador para 'Java Spring Boot developer'
2026-06-16 08:48:08 [INFO ] b.com.vagas.scraper.LinkedInScraper - LinkedIn - Buscando remotas: 'JSF'
2026-06-16 08:48:15 [INFO ] b.com.vagas.scraper.LinkedInScraper - LinkedIn - Encontradas 2 vagas remotas para 'JSF'
2026-06-16 08:48:15 [INFO ] b.com.vagas.scraper.LinkedInScraper - LinkedIn - Buscando presenciais em Salvador: 'JSF'
2026-06-16 08:48:17 [INFO ] b.com.vagas.scraper.LinkedInScraper - LinkedIn - Encontradas 0 vagas em Salvador para 'JSF'
2026-06-16 08:48:17 [INFO ] b.com.vagas.scraper.LinkedInScraper - LinkedIn - Buscando remotas: 'PrimeFaces'
2026-06-16 08:48:23 [INFO ] b.com.vagas.scraper.LinkedInScraper - LinkedIn - Encontradas 1 vagas remotas para 'PrimeFaces'
2026-06-16 08:48:23 [INFO ] b.com.vagas.scraper.LinkedInScraper - LinkedIn - Buscando presenciais em Salvador: 'PrimeFaces'
2026-06-16 08:48:25 [INFO ] b.com.vagas.scraper.LinkedInScraper - LinkedIn - Encontradas 0 vagas em Salvador para 'PrimeFaces'
2026-06-16 08:48:25 [INFO ] b.com.vagas.scraper.LinkedInScraper - LinkedIn - Buscando remotas: 'Legado'
2026-06-16 08:48:28 [INFO ] b.com.vagas.scraper.LinkedInScraper - LinkedIn - Encontradas 0 vagas remotas para 'Legado'
2026-06-16 08:48:28 [INFO ] b.com.vagas.scraper.LinkedInScraper - LinkedIn - Buscando presenciais em Salvador: 'Legado'
2026-06-16 08:48:31 [INFO ] b.com.vagas.scraper.LinkedInScraper - LinkedIn - Encontradas 0 vagas em Salvador para 'Legado'
2026-06-16 08:48:31 [INFO ] b.com.vagas.scraper.LinkedInScraper - LinkedIn - Buscando remotas: 'Pl'
2026-06-16 08:48:33 [INFO ] b.com.vagas.scraper.LinkedInScraper - LinkedIn - Encontradas 0 vagas remotas para 'Pl'
2026-06-16 08:48:33 [INFO ] b.com.vagas.scraper.LinkedInScraper - LinkedIn - Buscando presenciais em Salvador: 'Pl'
2026-06-16 08:48:35 [INFO ] b.com.vagas.scraper.LinkedInScraper - LinkedIn - Encontradas 0 vagas em Salvador para 'Pl'
2026-06-16 08:48:35 [INFO ] b.com.vagas.scraper.LinkedInScraper - LinkedIn - Buscando remotas: 'SR'
2026-06-16 08:48:38 [INFO ] b.com.vagas.scraper.LinkedInScraper - LinkedIn - Encontradas 0 vagas remotas para 'SR'
2026-06-16 08:48:38 [INFO ] b.com.vagas.scraper.LinkedInScraper - LinkedIn - Buscando presenciais em Salvador: 'SR'
2026-06-16 08:48:40 [INFO ] b.com.vagas.scraper.LinkedInScraper - LinkedIn - Encontradas 0 vagas em Salvador para 'SR'
2026-06-16 08:48:40 [INFO ] b.com.vagas.scraper.LinkedInScraper - LinkedIn - Buscando remotas: 'desenvolvedor Java pleno senior'
2026-06-16 08:48:42 [INFO ] b.com.vagas.scraper.LinkedInScraper - LinkedIn - Encontradas 0 vagas remotas para 'desenvolvedor Java pleno senior'
2026-06-16 08:48:42 [INFO ] b.com.vagas.scraper.LinkedInScraper - LinkedIn - Buscando presenciais em Salvador: 'desenvolvedor Java pleno senior'
2026-06-16 08:48:45 [INFO ] b.com.vagas.scraper.LinkedInScraper - LinkedIn - Encontradas 0 vagas em Salvador para 'desenvolvedor Java pleno senior'
2026-06-16 08:48:45 [INFO ] b.com.vagas.scraper.LinkedInScraper - LinkedIn - Total de vagas encontradas: 6
2026-06-16 08:48:45 [INFO ] b.com.vagas.scheduler.AgendadorBusca - LinkedIn: 6 vagas encontradas
2026-06-16 08:48:45 [INFO ] b.com.vagas.scheduler.AgendadorBusca - Executando scraper: Indeed
2026-06-16 08:48:45 [INFO ] br.com.vagas.scraper.IndeedScraper - Iniciando busca no Indeed Brasil...
2026-06-16 08:48:45 [INFO ] br.com.vagas.scraper.IndeedScraper - Indeed - Buscando remotas: 'desenvolvedor Java senior'
2026-06-16 08:48:47 [INFO ] br.com.vagas.scraper.IndeedScraper - Indeed - Encontradas 0 vagas remotas para 'desenvolvedor Java senior'
2026-06-16 08:48:47 [INFO ] br.com.vagas.scraper.IndeedScraper - Indeed - Buscando em Salvador: 'desenvolvedor Java senior'
2026-06-16 08:48:50 [INFO ] br.com.vagas.scraper.IndeedScraper - Indeed - Encontradas 0 vagas em Salvador para 'desenvolvedor Java senior'
2026-06-16 08:48:50 [INFO ] br.com.vagas.scraper.IndeedScraper - Indeed - Buscando remotas: 'Java Spring Boot'
2026-06-16 08:48:52 [INFO ] br.com.vagas.scraper.IndeedScraper - Indeed - Encontradas 0 vagas remotas para 'Java Spring Boot'
2026-06-16 08:48:52 [INFO ] br.com.vagas.scraper.IndeedScraper - Indeed - Buscando em Salvador: 'Java Spring Boot'
2026-06-16 08:48:54 [INFO ] br.com.vagas.scraper.IndeedScraper - Indeed - Encontradas 0 vagas em Salvador para 'Java Spring Boot'
2026-06-16 08:48:54 [INFO ] br.com.vagas.scraper.IndeedScraper - Indeed - Buscando remotas: 'Java developer pleno'
2026-06-16 08:48:56 [INFO ] br.com.vagas.scraper.IndeedScraper - Indeed - Encontradas 0 vagas remotas para 'Java developer pleno'
2026-06-16 08:48:56 [INFO ] br.com.vagas.scraper.IndeedScraper - Indeed - Buscando em Salvador: 'Java developer pleno'
2026-06-16 08:48:58 [INFO ] br.com.vagas.scraper.IndeedScraper - Indeed - Encontradas 0 vagas em Salvador para 'Java developer pleno'
2026-06-16 08:48:58 [INFO ] br.com.vagas.scraper.IndeedScraper - Indeed - Total de vagas encontradas: 0
2026-06-16 08:48:58 [INFO ] b.com.vagas.scheduler.AgendadorBusca - Indeed: 0 vagas encontradas
2026-06-16 08:48:58 [INFO ] b.com.vagas.scheduler.AgendadorBusca - Executando scraper: InfoJobs
2026-06-16 08:48:58 [INFO ] b.com.vagas.scraper.InfoJobsScraper - Iniciando busca no InfoJobs Brasil...
2026-06-16 08:48:58 [INFO ] b.com.vagas.scraper.InfoJobsScraper - InfoJobs - Buscando: 'desenvolvedor Java senior'
2026-06-16 08:49:00 [INFO ] b.com.vagas.scraper.InfoJobsScraper - InfoJobs - Encontradas 0 vagas para 'desenvolvedor Java senior'
2026-06-16 08:49:00 [INFO ] b.com.vagas.scraper.InfoJobsScraper - InfoJobs - Buscando em Salvador: 'desenvolvedor Java senior'
2026-06-16 08:49:02 [INFO ] b.com.vagas.scraper.InfoJobsScraper - InfoJobs - Encontradas 0 vagas em Salvador para 'desenvolvedor Java senior'
2026-06-16 08:49:02 [INFO ] b.com.vagas.scraper.InfoJobsScraper - InfoJobs - Buscando: 'Java Spring Boot'
2026-06-16 08:49:05 [INFO ] b.com.vagas.scraper.InfoJobsScraper - InfoJobs - Encontradas 0 vagas para 'Java Spring Boot'
2026-06-16 08:49:05 [INFO ] b.com.vagas.scraper.InfoJobsScraper - InfoJobs - Buscando em Salvador: 'Java Spring Boot'
2026-06-16 08:49:07 [INFO ] b.com.vagas.scraper.InfoJobsScraper - InfoJobs - Encontradas 0 vagas em Salvador para 'Java Spring Boot'
2026-06-16 08:49:07 [INFO ] b.com.vagas.scraper.InfoJobsScraper - InfoJobs - Total de vagas encontradas: 0
2026-06-16 08:49:07 [INFO ] b.com.vagas.scheduler.AgendadorBusca - InfoJobs: 0 vagas encontradas
2026-06-16 08:49:07 [INFO ] b.com.vagas.scheduler.AgendadorBusca - Executando scraper: Catho
2026-06-16 08:49:07 [INFO ] br.com.vagas.scraper.CathoScraper - Iniciando busca no Catho...
2026-06-16 08:49:07 [INFO ] br.com.vagas.scraper.CathoScraper - Catho - Buscando: 'desenvolvedor-java-senior'
2026-06-16 08:49:09 [INFO ] br.com.vagas.scraper.CathoScraper - Catho - Encontradas 0 vagas para 'desenvolvedor-java-senior'
2026-06-16 08:49:09 [INFO ] br.com.vagas.scraper.CathoScraper - Catho - Buscando: 'java-spring-boot'
2026-06-16 08:49:11 [INFO ] br.com.vagas.scraper.CathoScraper - Catho - Encontradas 0 vagas para 'java-spring-boot'
2026-06-16 08:49:11 [INFO ] br.com.vagas.scraper.CathoScraper - Catho - Total de vagas encontradas: 0
2026-06-16 08:49:11 [INFO ] b.com.vagas.scheduler.AgendadorBusca - Catho: 0 vagas encontradas
2026-06-16 08:49:11 [INFO ] b.com.vagas.scheduler.AgendadorBusca - Total de vagas coletadas (com possíveis duplicatas): 6
2026-06-16 08:49:11 [INFO ] b.c.v.report.GeradorRelatorioHTML - Relatório gerado: C:\dev\projeto\vagas-robot\relatorios\vagas-java-2026-06-16_08-49.html
2026-06-16 08:49:11 [INFO ] b.com.vagas.scheduler.AgendadorBusca - ========================================
2026-06-16 08:49:11 [INFO ] b.com.vagas.scheduler.AgendadorBusca - Relatório gerado com sucesso!
2026-06-16 08:49:11 [INFO ] b.com.vagas.scheduler.AgendadorBusca - Arquivo: C:\dev\projeto\vagas-robot\relatorios\vagas-java-2026-06-16_08-49.html
2026-06-16 08:49:11 [INFO ] b.com.vagas.scheduler.AgendadorBusca - Total de vagas no relatório: 6
2026-06-16 08:49:11 [INFO ] b.com.vagas.scheduler.AgendadorBusca - ========================================
2026-06-16 08:49:11 [INFO ] b.com.vagas.scheduler.AgendadorBusca - Relatório aberto no navegador padrão.
2026-06-16 13:19:56 [INFO ] b.com.vagas.scheduler.AgendadorBusca - Execução manual iniciada pelo usuário
2026-06-16 13:19:56 [INFO ] b.com.vagas.scheduler.AgendadorBusca - ========================================
2026-06-16 13:19:56 [INFO ] b.com.vagas.scheduler.AgendadorBusca - Iniciando busca de vagas - 16/06/2026 13:19:56
2026-06-16 13:19:56 [INFO ] b.com.vagas.scheduler.AgendadorBusca - ========================================
2026-06-16 13:19:56 [INFO ] b.com.vagas.scheduler.AgendadorBusca - Executando scraper: LinkedIn
2026-06-16 13:19:56 [INFO ] b.com.vagas.scraper.LinkedInScraper - Iniciando busca no LinkedIn...
2026-06-16 13:19:56 [INFO ] b.com.vagas.scraper.LinkedInScraper - LinkedIn - Buscando remotas: 'Java developer senior'
2026-06-16 13:19:59 [INFO ] b.com.vagas.scraper.LinkedInScraper - LinkedIn - Encontradas 0 vagas remotas para 'Java developer senior'
2026-06-16 13:19:59 [INFO ] b.com.vagas.scraper.LinkedInScraper - LinkedIn - Buscando presenciais em Salvador: 'Java developer senior'
2026-06-16 13:20:03 [INFO ] b.com.vagas.scraper.LinkedInScraper - LinkedIn - Encontradas 0 vagas em Salvador para 'Java developer senior'
2026-06-16 13:20:03 [INFO ] b.com.vagas.scraper.LinkedInScraper - LinkedIn - Buscando remotas: 'Java Spring Boot developer'
2026-06-16 13:20:05 [INFO ] b.com.vagas.scraper.LinkedInScraper - LinkedIn - Encontradas 0 vagas remotas para 'Java Spring Boot developer'
2026-06-16 13:20:05 [INFO ] b.com.vagas.scraper.LinkedInScraper - LinkedIn - Buscando presenciais em Salvador: 'Java Spring Boot developer'
2026-06-16 13:20:08 [INFO ] b.com.vagas.scraper.LinkedInScraper - LinkedIn - Encontradas 0 vagas em Salvador para 'Java Spring Boot developer'
2026-06-16 13:20:08 [INFO ] b.com.vagas.scraper.LinkedInScraper - LinkedIn - Buscando remotas: 'JSF'
2026-06-16 13:20:13 [INFO ] b.com.vagas.scraper.LinkedInScraper - LinkedIn - Encontradas 1 vagas remotas para 'JSF'
2026-06-16 13:20:13 [INFO ] b.com.vagas.scraper.LinkedInScraper - LinkedIn - Buscando presenciais em Salvador: 'JSF'
2026-06-16 13:20:16 [INFO ] b.com.vagas.scraper.LinkedInScraper - LinkedIn - Encontradas 0 vagas em Salvador para 'JSF'
2026-06-16 13:20:16 [INFO ] b.com.vagas.scraper.LinkedInScraper - LinkedIn - Buscando remotas: 'PrimeFaces'
2026-06-16 13:20:19 [INFO ] b.com.vagas.scraper.LinkedInScraper - LinkedIn - Encontradas 0 vagas remotas para 'PrimeFaces'
2026-06-16 13:20:19 [INFO ] b.com.vagas.scraper.LinkedInScraper - LinkedIn - Buscando presenciais em Salvador: 'PrimeFaces'
2026-06-16 13:20:21 [INFO ] b.com.vagas.scraper.LinkedInScraper - LinkedIn - Encontradas 0 vagas em Salvador para 'PrimeFaces'
2026-06-16 13:20:21 [INFO ] b.com.vagas.scraper.LinkedInScraper - LinkedIn - Buscando remotas: 'Legado'
2026-06-16 13:20:23 [INFO ] b.com.vagas.scraper.LinkedInScraper - LinkedIn - Encontradas 0 vagas remotas para 'Legado'
2026-06-16 13:20:23 [INFO ] b.com.vagas.scraper.LinkedInScraper - LinkedIn - Buscando presenciais em Salvador: 'Legado'
2026-06-16 13:20:26 [INFO ] b.com.vagas.scraper.LinkedInScraper - LinkedIn - Encontradas 0 vagas em Salvador para 'Legado'
2026-06-16 13:20:26 [INFO ] b.com.vagas.scraper.LinkedInScraper - LinkedIn - Buscando remotas: 'Pl'
2026-06-16 13:20:28 [INFO ] b.com.vagas.scraper.LinkedInScraper - LinkedIn - Encontradas 0 vagas remotas para 'Pl'
2026-06-16 13:20:28 [INFO ] b.com.vagas.scraper.LinkedInScraper - LinkedIn - Buscando presenciais em Salvador: 'Pl'
2026-06-16 13:20:31 [INFO ] b.com.vagas.scraper.LinkedInScraper - LinkedIn - Encontradas 0 vagas em Salvador para 'Pl'
2026-06-16 13:20:31 [INFO ] b.com.vagas.scraper.LinkedInScraper - LinkedIn - Buscando remotas: 'SR'
2026-06-16 13:20:33 [INFO ] b.com.vagas.scraper.LinkedInScraper - LinkedIn - Encontradas 0 vagas remotas para 'SR'
2026-06-16 13:20:33 [INFO ] b.com.vagas.scraper.LinkedInScraper - LinkedIn - Buscando presenciais em Salvador: 'SR'
2026-06-16 13:20:35 [INFO ] b.com.vagas.scraper.LinkedInScraper - LinkedIn - Encontradas 0 vagas em Salvador para 'SR'
2026-06-16 13:20:35 [INFO ] b.com.vagas.scraper.LinkedInScraper - LinkedIn - Buscando remotas: 'desenvolvedor Java pleno senior'
2026-06-16 13:20:47 [WARN ] b.com.vagas.scraper.LinkedInScraper - LinkedIn - Erro ao buscar página 1: Read timed out
2026-06-16 13:20:47 [INFO ] b.com.vagas.scraper.LinkedInScraper - LinkedIn - Encontradas 0 vagas remotas para 'desenvolvedor Java pleno senior'
2026-06-16 13:20:47 [INFO ] b.com.vagas.scraper.LinkedInScraper - LinkedIn - Buscando presenciais em Salvador: 'desenvolvedor Java pleno senior'
2026-06-16 13:20:49 [INFO ] b.com.vagas.scraper.LinkedInScraper - LinkedIn - Encontradas 0 vagas em Salvador para 'desenvolvedor Java pleno senior'
2026-06-16 13:20:49 [INFO ] b.com.vagas.scraper.LinkedInScraper - LinkedIn - Total de vagas encontradas: 1
2026-06-16 13:20:49 [INFO ] b.com.vagas.scheduler.AgendadorBusca - LinkedIn: 1 vagas encontradas
2026-06-16 13:20:49 [INFO ] b.com.vagas.scheduler.AgendadorBusca - Executando scraper: Indeed
2026-06-16 13:20:49 [INFO ] br.com.vagas.scraper.IndeedScraper - Iniciando busca no Indeed Brasil...
2026-06-16 13:20:49 [INFO ] br.com.vagas.scraper.IndeedScraper - Indeed - Buscando remotas: 'desenvolvedor Java senior'
2026-06-16 13:20:52 [INFO ] br.com.vagas.scraper.IndeedScraper - Indeed - Encontradas 0 vagas remotas para 'desenvolvedor Java senior'
2026-06-16 13:20:52 [INFO ] br.com.vagas.scraper.IndeedScraper - Indeed - Buscando em Salvador: 'desenvolvedor Java senior'
2026-06-16 13:20:53 [INFO ] br.com.vagas.scraper.IndeedScraper - Indeed - Encontradas 0 vagas em Salvador para 'desenvolvedor Java senior'
2026-06-16 13:20:53 [INFO ] br.com.vagas.scraper.IndeedScraper - Indeed - Buscando remotas: 'Java Spring Boot'
2026-06-16 13:20:56 [INFO ] br.com.vagas.scraper.IndeedScraper - Indeed - Encontradas 0 vagas remotas para 'Java Spring Boot'
2026-06-16 13:20:56 [INFO ] br.com.vagas.scraper.IndeedScraper - Indeed - Buscando em Salvador: 'Java Spring Boot'
2026-06-16 13:20:59 [INFO ] br.com.vagas.scraper.IndeedScraper - Indeed - Encontradas 0 vagas em Salvador para 'Java Spring Boot'
2026-06-16 13:20:59 [INFO ] br.com.vagas.scraper.IndeedScraper - Indeed - Buscando remotas: 'Java developer pleno'
2026-06-16 13:21:01 [INFO ] br.com.vagas.scraper.IndeedScraper - Indeed - Encontradas 0 vagas remotas para 'Java developer pleno'
2026-06-16 13:21:01 [INFO ] br.com.vagas.scraper.IndeedScraper - Indeed - Buscando em Salvador: 'Java developer pleno'
2026-06-16 13:21:03 [INFO ] br.com.vagas.scraper.IndeedScraper - Indeed - Encontradas 0 vagas em Salvador para 'Java developer pleno'
2026-06-16 13:21:03 [INFO ] br.com.vagas.scraper.IndeedScraper - Indeed - Total de vagas encontradas: 0
2026-06-16 13:21:03 [INFO ] b.com.vagas.scheduler.AgendadorBusca - Indeed: 0 vagas encontradas
2026-06-16 13:21:03 [INFO ] b.com.vagas.scheduler.AgendadorBusca - Executando scraper: InfoJobs
2026-06-16 13:21:03 [INFO ] b.com.vagas.scraper.InfoJobsScraper - Iniciando busca no InfoJobs Brasil...
2026-06-16 13:21:03 [INFO ] b.com.vagas.scraper.InfoJobsScraper - InfoJobs - Buscando: 'desenvolvedor Java senior'
2026-06-16 13:21:06 [INFO ] b.com.vagas.scraper.InfoJobsScraper - InfoJobs - Encontradas 0 vagas para 'desenvolvedor Java senior'
2026-06-16 13:21:06 [INFO ] b.com.vagas.scraper.InfoJobsScraper - InfoJobs - Buscando em Salvador: 'desenvolvedor Java senior'
2026-06-16 13:21:08 [INFO ] b.com.vagas.scraper.InfoJobsScraper - InfoJobs - Encontradas 0 vagas em Salvador para 'desenvolvedor Java senior'
2026-06-16 13:21:08 [INFO ] b.com.vagas.scraper.InfoJobsScraper - InfoJobs - Buscando: 'Java Spring Boot'
2026-06-16 13:21:11 [INFO ] b.com.vagas.scraper.InfoJobsScraper - InfoJobs - Encontradas 0 vagas para 'Java Spring Boot'
2026-06-16 13:21:11 [INFO ] b.com.vagas.scraper.InfoJobsScraper - InfoJobs - Buscando em Salvador: 'Java Spring Boot'
2026-06-16 13:21:14 [INFO ] b.com.vagas.scraper.InfoJobsScraper - InfoJobs - Encontradas 0 vagas em Salvador para 'Java Spring Boot'
2026-06-16 13:21:14 [INFO ] b.com.vagas.scraper.InfoJobsScraper - InfoJobs - Total de vagas encontradas: 0
2026-06-16 13:21:14 [INFO ] b.com.vagas.scheduler.AgendadorBusca - InfoJobs: 0 vagas encontradas
2026-06-16 13:21:14 [INFO ] b.com.vagas.scheduler.AgendadorBusca - Executando scraper: Catho
2026-06-16 13:21:14 [INFO ] br.com.vagas.scraper.CathoScraper - Iniciando busca no Catho...
2026-06-16 13:21:14 [INFO ] br.com.vagas.scraper.CathoScraper - Catho - Buscando: 'desenvolvedor-java-senior'
2026-06-16 13:21:16 [INFO ] br.com.vagas.scraper.CathoScraper - Catho - Encontradas 0 vagas para 'desenvolvedor-java-senior'
2026-06-16 13:21:16 [INFO ] br.com.vagas.scraper.CathoScraper - Catho - Buscando: 'java-spring-boot'
2026-06-16 13:21:18 [INFO ] br.com.vagas.scraper.CathoScraper - Catho - Encontradas 0 vagas para 'java-spring-boot'
2026-06-16 13:21:18 [INFO ] br.com.vagas.scraper.CathoScraper - Catho - Total de vagas encontradas: 0
2026-06-16 13:21:18 [INFO ] b.com.vagas.scheduler.AgendadorBusca - Catho: 0 vagas encontradas
2026-06-16 13:21:18 [INFO ] b.com.vagas.scheduler.AgendadorBusca - Total de vagas coletadas (com possíveis duplicatas): 1
2026-06-16 13:21:18 [INFO ] b.c.v.report.GeradorRelatorioHTML - Relatório gerado: C:\dev\projeto\vagas-robot\relatorios\vagas-java-2026-06-16_13-21.html
2026-06-16 13:21:18 [INFO ] b.com.vagas.scheduler.AgendadorBusca - ========================================
2026-06-16 13:21:18 [INFO ] b.com.vagas.scheduler.AgendadorBusca - Relatório gerado com sucesso!
2026-06-16 13:21:18 [INFO ] b.com.vagas.scheduler.AgendadorBusca - Arquivo: C:\dev\projeto\vagas-robot\relatorios\vagas-java-2026-06-16_13-21.html
2026-06-16 13:21:18 [INFO ] b.com.vagas.scheduler.AgendadorBusca - Total de vagas no relatório: 1
2026-06-16 13:21:18 [INFO ] b.com.vagas.scheduler.AgendadorBusca - ========================================
2026-06-16 13:21:18 [INFO ] b.com.vagas.scheduler.AgendadorBusca - Relatório aberto no navegador padrão.
2026-06-16 15:18:41 [INFO ] b.com.vagas.scheduler.AgendadorBusca - Execução manual iniciada pelo usuário
2026-06-16 15:18:41 [INFO ] b.com.vagas.scheduler.AgendadorBusca - ========================================
2026-06-16 15:18:41 [INFO ] b.com.vagas.scheduler.AgendadorBusca - Iniciando busca de vagas - 16/06/2026 15:18:41
2026-06-16 15:18:41 [INFO ] b.com.vagas.scheduler.AgendadorBusca - ========================================
2026-06-16 15:18:41 [INFO ] b.com.vagas.scheduler.AgendadorBusca - Executando scraper: LinkedIn
2026-06-16 15:18:41 [INFO ] b.com.vagas.scraper.LinkedInScraper - Iniciando busca no LinkedIn...
2026-06-16 15:18:41 [INFO ] b.com.vagas.scraper.LinkedInScraper - LinkedIn - Buscando remotas: 'Java developer senior'
2026-06-16 15:18:44 [INFO ] b.com.vagas.scraper.LinkedInScraper - LinkedIn - Encontradas 0 vagas remotas para 'Java developer senior'
2026-06-16 15:18:44 [INFO ] b.com.vagas.scraper.LinkedInScraper - LinkedIn - Buscando presenciais em Salvador: 'Java developer senior'
2026-06-16 15:18:46 [INFO ] b.com.vagas.scraper.LinkedInScraper - LinkedIn - Encontradas 0 vagas em Salvador para 'Java developer senior'
2026-06-16 15:18:46 [INFO ] b.com.vagas.scraper.LinkedInScraper - LinkedIn - Buscando remotas: 'Java Spring Boot developer'
2026-06-16 15:18:54 [INFO ] b.com.vagas.scraper.LinkedInScraper - LinkedIn - Encontradas 2 vagas remotas para 'Java Spring Boot developer'
2026-06-16 15:18:54 [INFO ] b.com.vagas.scraper.LinkedInScraper - LinkedIn - Buscando presenciais em Salvador: 'Java Spring Boot developer'
2026-06-16 15:18:56 [INFO ] b.com.vagas.scraper.LinkedInScraper - LinkedIn - Encontradas 0 vagas em Salvador para 'Java Spring Boot developer'
2026-06-16 15:18:56 [INFO ] b.com.vagas.scraper.LinkedInScraper - LinkedIn - Buscando remotas: 'JSF'
2026-06-16 15:19:01 [INFO ] b.com.vagas.scraper.LinkedInScraper - LinkedIn - Encontradas 1 vagas remotas para 'JSF'
2026-06-16 15:19:01 [INFO ] b.com.vagas.scraper.LinkedInScraper - LinkedIn - Buscando presenciais em Salvador: 'JSF'
2026-06-16 15:19:03 [INFO ] b.com.vagas.scraper.LinkedInScraper - LinkedIn - Encontradas 0 vagas em Salvador para 'JSF'
2026-06-16 15:19:03 [INFO ] b.com.vagas.scraper.LinkedInScraper - LinkedIn - Buscando remotas: 'PrimeFaces'
2026-06-16 15:19:08 [INFO ] b.com.vagas.scraper.LinkedInScraper - LinkedIn - Encontradas 1 vagas remotas para 'PrimeFaces'
2026-06-16 15:19:08 [INFO ] b.com.vagas.scraper.LinkedInScraper - LinkedIn - Buscando presenciais em Salvador: 'PrimeFaces'
2026-06-16 15:19:10 [INFO ] b.com.vagas.scraper.LinkedInScraper - LinkedIn - Encontradas 0 vagas em Salvador para 'PrimeFaces'
2026-06-16 15:19:10 [INFO ] b.com.vagas.scraper.LinkedInScraper - LinkedIn - Buscando remotas: 'Legado'
2026-06-16 15:19:13 [INFO ] b.com.vagas.scraper.LinkedInScraper - LinkedIn - Encontradas 0 vagas remotas para 'Legado'
2026-06-16 15:19:13 [INFO ] b.com.vagas.scraper.LinkedInScraper - LinkedIn - Buscando presenciais em Salvador: 'Legado'
2026-06-16 15:19:15 [INFO ] b.com.vagas.scraper.LinkedInScraper - LinkedIn - Encontradas 0 vagas em Salvador para 'Legado'
2026-06-16 15:19:15 [INFO ] b.com.vagas.scraper.LinkedInScraper - LinkedIn - Buscando remotas: 'Pl'
2026-06-16 15:19:17 [INFO ] b.com.vagas.scraper.LinkedInScraper - LinkedIn - Encontradas 0 vagas remotas para 'Pl'
2026-06-16 15:19:17 [INFO ] b.com.vagas.scraper.LinkedInScraper - LinkedIn - Buscando presenciais em Salvador: 'Pl'
2026-06-16 15:19:20 [INFO ] b.com.vagas.scraper.LinkedInScraper - LinkedIn - Encontradas 0 vagas em Salvador para 'Pl'
2026-06-16 15:19:20 [INFO ] b.com.vagas.scraper.LinkedInScraper - LinkedIn - Buscando remotas: 'SR'
2026-06-16 15:19:23 [INFO ] b.com.vagas.scraper.LinkedInScraper - LinkedIn - Encontradas 0 vagas remotas para 'SR'
2026-06-16 15:19:23 [INFO ] b.com.vagas.scraper.LinkedInScraper - LinkedIn - Buscando presenciais em Salvador: 'SR'
2026-06-16 15:19:26 [INFO ] b.com.vagas.scraper.LinkedInScraper - LinkedIn - Encontradas 0 vagas em Salvador para 'SR'
2026-06-16 15:19:26 [INFO ] b.com.vagas.scraper.LinkedInScraper - LinkedIn - Buscando remotas: 'desenvolvedor Java pleno senior'
2026-06-16 15:19:27 [INFO ] b.com.vagas.scraper.LinkedInScraper - LinkedIn - Encontradas 0 vagas remotas para 'desenvolvedor Java pleno senior'
2026-06-16 15:19:27 [INFO ] b.com.vagas.scraper.LinkedInScraper - LinkedIn - Buscando presenciais em Salvador: 'desenvolvedor Java pleno senior'
2026-06-16 15:19:30 [INFO ] b.com.vagas.scraper.LinkedInScraper - LinkedIn - Encontradas 0 vagas em Salvador para 'desenvolvedor Java pleno senior'
2026-06-16 15:19:30 [INFO ] b.com.vagas.scraper.LinkedInScraper - LinkedIn - Total de vagas encontradas: 4
2026-06-16 15:19:30 [INFO ] b.com.vagas.scheduler.AgendadorBusca - LinkedIn: 4 vagas encontradas
2026-06-16 15:19:30 [INFO ] b.com.vagas.scheduler.AgendadorBusca - Executando scraper: Indeed
2026-06-16 15:19:30 [INFO ] br.com.vagas.scraper.IndeedScraper - Iniciando busca no Indeed Brasil...
2026-06-16 15:19:30 [INFO ] br.com.vagas.scraper.IndeedScraper - Indeed - Buscando remotas: 'desenvolvedor Java senior'
2026-06-16 15:19:32 [INFO ] br.com.vagas.scraper.IndeedScraper - Indeed - Encontradas 0 vagas remotas para 'desenvolvedor Java senior'
2026-06-16 15:19:32 [INFO ] br.com.vagas.scraper.IndeedScraper - Indeed - Buscando em Salvador: 'desenvolvedor Java senior'
2026-06-16 15:19:34 [INFO ] br.com.vagas.scraper.IndeedScraper - Indeed - Encontradas 0 vagas em Salvador para 'desenvolvedor Java senior'
2026-06-16 15:19:34 [INFO ] br.com.vagas.scraper.IndeedScraper - Indeed - Buscando remotas: 'Java Spring Boot'
2026-06-16 15:19:37 [INFO ] br.com.vagas.scraper.IndeedScraper - Indeed - Encontradas 0 vagas remotas para 'Java Spring Boot'
2026-06-16 15:19:37 [INFO ] br.com.vagas.scraper.IndeedScraper - Indeed - Buscando em Salvador: 'Java Spring Boot'
2026-06-16 15:19:39 [INFO ] br.com.vagas.scraper.IndeedScraper - Indeed - Encontradas 0 vagas em Salvador para 'Java Spring Boot'
2026-06-16 15:19:39 [INFO ] br.com.vagas.scraper.IndeedScraper - Indeed - Buscando remotas: 'Java developer pleno'
2026-06-16 15:19:42 [INFO ] br.com.vagas.scraper.IndeedScraper - Indeed - Encontradas 0 vagas remotas para 'Java developer pleno'
2026-06-16 15:19:42 [INFO ] br.com.vagas.scraper.IndeedScraper - Indeed - Buscando em Salvador: 'Java developer pleno'
2026-06-16 15:19:44 [INFO ] br.com.vagas.scraper.IndeedScraper - Indeed - Encontradas 0 vagas em Salvador para 'Java developer pleno'
2026-06-16 15:19:44 [INFO ] br.com.vagas.scraper.IndeedScraper - Indeed - Total de vagas encontradas: 0
2026-06-16 15:19:44 [INFO ] b.com.vagas.scheduler.AgendadorBusca - Indeed: 0 vagas encontradas
2026-06-16 15:19:44 [INFO ] b.com.vagas.scheduler.AgendadorBusca - Executando scraper: InfoJobs
2026-06-16 15:19:44 [INFO ] b.com.vagas.scraper.InfoJobsScraper - Iniciando busca no InfoJobs Brasil...
2026-06-16 15:19:44 [INFO ] b.com.vagas.scraper.InfoJobsScraper - InfoJobs - Buscando: 'desenvolvedor Java senior'
2026-06-16 15:19:47 [INFO ] b.com.vagas.scraper.InfoJobsScraper - InfoJobs - Encontradas 0 vagas para 'desenvolvedor Java senior'
2026-06-16 15:19:47 [INFO ] b.com.vagas.scraper.InfoJobsScraper - InfoJobs - Buscando em Salvador: 'desenvolvedor Java senior'
2026-06-16 15:19:49 [INFO ] b.com.vagas.scraper.InfoJobsScraper - InfoJobs - Encontradas 0 vagas em Salvador para 'desenvolvedor Java senior'
2026-06-16 15:19:49 [INFO ] b.com.vagas.scraper.InfoJobsScraper - InfoJobs - Buscando: 'Java Spring Boot'
2026-06-16 15:19:52 [INFO ] b.com.vagas.scraper.InfoJobsScraper - InfoJobs - Encontradas 0 vagas para 'Java Spring Boot'
2026-06-16 15:19:52 [INFO ] b.com.vagas.scraper.InfoJobsScraper - InfoJobs - Buscando em Salvador: 'Java Spring Boot'
2026-06-16 15:19:54 [INFO ] b.com.vagas.scraper.InfoJobsScraper - InfoJobs - Encontradas 0 vagas em Salvador para 'Java Spring Boot'
2026-06-16 15:19:54 [INFO ] b.com.vagas.scraper.InfoJobsScraper - InfoJobs - Total de vagas encontradas: 0
2026-06-16 15:19:54 [INFO ] b.com.vagas.scheduler.AgendadorBusca - InfoJobs: 0 vagas encontradas
2026-06-16 15:19:54 [INFO ] b.com.vagas.scheduler.AgendadorBusca - Executando scraper: Catho
2026-06-16 15:19:54 [INFO ] br.com.vagas.scraper.CathoScraper - Iniciando busca no Catho...
2026-06-16 15:19:54 [INFO ] br.com.vagas.scraper.CathoScraper - Catho - Buscando: 'desenvolvedor-java-senior'
2026-06-16 15:19:56 [INFO ] br.com.vagas.scraper.CathoScraper - Catho - Encontradas 0 vagas para 'desenvolvedor-java-senior'
2026-06-16 15:19:56 [INFO ] br.com.vagas.scraper.CathoScraper - Catho - Buscando: 'java-spring-boot'
2026-06-16 15:19:59 [INFO ] br.com.vagas.scraper.CathoScraper - Catho - Encontradas 0 vagas para 'java-spring-boot'
2026-06-16 15:19:59 [INFO ] br.com.vagas.scraper.CathoScraper - Catho - Total de vagas encontradas: 0
2026-06-16 15:19:59 [INFO ] b.com.vagas.scheduler.AgendadorBusca - Catho: 0 vagas encontradas
2026-06-16 15:19:59 [INFO ] b.com.vagas.scheduler.AgendadorBusca - Total de vagas coletadas (com possíveis duplicatas): 4
2026-06-16 15:19:59 [INFO ] b.c.v.report.GeradorRelatorioHTML - Relatório gerado: C:\dev\projeto\vagas-robot\relatorios\vagas-java-2026-06-16_15-19.html
2026-06-16 15:19:59 [INFO ] b.com.vagas.scheduler.AgendadorBusca - ========================================
2026-06-16 15:19:59 [INFO ] b.com.vagas.scheduler.AgendadorBusca - Relatório gerado com sucesso!
2026-06-16 15:19:59 [INFO ] b.com.vagas.scheduler.AgendadorBusca - Arquivo: C:\dev\projeto\vagas-robot\relatorios\vagas-java-2026-06-16_15-19.html
2026-06-16 15:19:59 [INFO ] b.com.vagas.scheduler.AgendadorBusca - Total de vagas no relatório: 4
2026-06-16 15:19:59 [INFO ] b.com.vagas.scheduler.AgendadorBusca - ========================================
2026-06-16 15:19:59 [INFO ] b.com.vagas.scheduler.AgendadorBusca - Relatório aberto no navegador padrão.
